Archive member included to satisfy reference by file (symbol)

.pio\build\uno_r4_minima\lib6ef\libLiquidCrystal_I2C.a(LiquidCrystal_I2C.cpp.o)
                              .pio\build\uno_r4_minima\src\game.cpp.o (LiquidCrystal_I2C::LiquidCrystal_I2C(unsigned char, unsigned char, unsigned char))
.pio\build\uno_r4_minima\libFrameworkArduinoVariant.a(main.c.o)
                              c:/users/willi/.platformio/packages/toolchain-gccarmnoneeabi/bin/../lib/gcc/arm-none-eabi/7.2.1/../../../../arm-none-eabi/lib/thumb/v7e-m/fpv4-sp/hard/crt0.o (main)
.pio\build\uno_r4_minima\libFrameworkArduino.a(Tone.cpp.o)
                              .pio\build\uno_r4_minima\src\game.cpp.o (tone(unsigned char, unsigned int, unsigned long))
.pio\build\uno_r4_minima\libFrameworkArduino.a(analog.cpp.o)
                              .pio\build\uno_r4_minima\src\movement.cpp.o (analogRead)
.pio\build\uno_r4_minima\libFrameworkArduino.a(Common.cpp.o)
                              .pio\build\uno_r4_minima\libFrameworkArduino.a(analog.cpp.o) (map(long, long, long, long, long))
.pio\build\uno_r4_minima\libFrameworkArduino.a(Print.cpp.o)
                              .pio\build\uno_r4_minima\lib6ef\libLiquidCrystal_I2C.a(LiquidCrystal_I2C.cpp.o) (arduino::Print::write(unsigned char const*, unsigned int))
.pio\build\uno_r4_minima\libFrameworkArduino.a(dac.cpp.o)
                              .pio\build\uno_r4_minima\libFrameworkArduino.a(analog.cpp.o) (CDac::analogWrite(int))
.pio\build\uno_r4_minima\libFrameworkArduino.a(digital.cpp.o)
                              .pio\build\uno_r4_minima\src\main.cpp.o (pinMode)
.pio\build\uno_r4_minima\libFrameworkArduino.a(main.cpp.o)
                              .pio\build\uno_r4_minima\libFrameworkArduino.a(Print.cpp.o) (__cxa_pure_virtual)
.pio\build\uno_r4_minima\libFrameworkArduino.a(pinDefinitions.cpp.o)
                              .pio\build\uno_r4_minima\libFrameworkArduino.a(analog.cpp.o) (pinPeripheral(e_bsp_io_port_pin_t, unsigned long))
.pio\build\uno_r4_minima\libFrameworkArduino.a(pwm.cpp.o)
                              .pio\build\uno_r4_minima\libFrameworkArduino.a(analog.cpp.o) (PwmOut::PwmOut(int))
.pio\build\uno_r4_minima\libFrameworkArduino.a(time.cpp.o)
                              .pio\build\uno_r4_minima\lib6ef\libLiquidCrystal_I2C.a(LiquidCrystal_I2C.cpp.o) (delayMicroseconds)
.pio\build\uno_r4_minima\libFrameworkArduino.a(SerialUSB.cpp.o)
                              .pio\build\uno_r4_minima\libFrameworkArduino.a(main.cpp.o) (_SerialUSB::begin(unsigned long))
.pio\build\uno_r4_minima\libFrameworkArduino.a(USB.cpp.o)
                              .pio\build\uno_r4_minima\libFrameworkArduino.a(main.cpp.o) (__USBStart())
.pio\build\uno_r4_minima\libFrameworkArduino.a(variant_helper.cpp.o)
                              .pio\build\uno_r4_minima\libFrameworkArduino.a(analog.cpp.o) (getPinCfgs(unsigned char, PinCfgReq_t))
.pio\build\uno_r4_minima\libFrameworkArduino.a(vector_table.c.o)
                              .pio\build\uno_r4_minima\libFrameworkArduino.a(main.cpp.o) (g_vector_table)
.pio\build\uno_r4_minima\libFrameworkArduino.a(FspTimer.cpp.o)
                              .pio\build\uno_r4_minima\libFrameworkArduino.a(Tone.cpp.o) (FspTimer::FspTimer())
.pio\build\uno_r4_minima\libFrameworkArduino.a(IRQManager.cpp.o)
                              .pio\build\uno_r4_minima\libFrameworkArduino.a(analog.cpp.o) (IRQManager::getInstance())
.pio\build\uno_r4_minima\libFrameworkArduino.a(boot.cpp.o)
                              .pio\build\uno_r4_minima\libFrameworkArduino.a(SerialUSB.cpp.o) (goBootloader())
.pio\build\uno_r4_minima\libFrameworkArduino.a(cdc_device.c.o)
                              .pio\build\uno_r4_minima\libFrameworkArduino.a(SerialUSB.cpp.o) (tud_cdc_n_connected)
.pio\build\uno_r4_minima\libFrameworkArduino.a(tusb_fifo.c.o)
                              .pio\build\uno_r4_minima\libFrameworkArduino.a(cdc_device.c.o) (tu_fifo_config)
.pio\build\uno_r4_minima\libFrameworkArduino.a(usbd.c.o)
                              .pio\build\uno_r4_minima\libFrameworkArduino.a(SerialUSB.cpp.o) (usbd_int_set)
.pio\build\uno_r4_minima\libFrameworkArduino.a(usbd_control.c.o)
                              .pio\build\uno_r4_minima\libFrameworkArduino.a(cdc_device.c.o) (tud_control_status)
.pio\build\uno_r4_minima\libFrameworkArduino.a(dcd_rusb2.c.o)
                              .pio\build\uno_r4_minima\libFrameworkArduino.a(usbd.c.o) (dcd_int_enable)
.pio\build\uno_r4_minima\libFrameworkArduino.a(rusb2_common.c.o)
                              .pio\build\uno_r4_minima\libFrameworkArduino.a(USB.cpp.o) (tusb_rusb2_set_irqnum)
.pio\build\uno_r4_minima\libFrameworkArduino.a(tusb.c.o)
                              .pio\build\uno_r4_minima\libFrameworkArduino.a(USB.cpp.o) (tusb_inited)
.pio\build\uno_r4_minima\libFrameworkArduino.a(dfu_rt_device.c.o)
[...]
Memory Configuration

Name             Origin             Length             Attributes
FLASH            0x00004000         0x0003c000         xr
RAM              0x20000000         0x00008000         xrw
DATA_FLASH       0x40100000         0x00002000         xr
OPTION_SETTING   0x00000000         0x00000000         r
OPTION_SETTING_S 0x00000000         0x00000000         r
ID_CODE          0x01010018         0x00000020         xr
*default*        0x00000000         0xffffffff

Linker script and memory map

LOAD c:/users/willi/.platformio/packages/toolchain-gccarmnoneeabi/bin/../lib/gcc/arm-none-eabi/7.2.1/thumb/v7e-m/fpv4-sp/hard/crti.o
LOAD c:/users/willi/.platformio/packages/toolchain-gccarmnoneeabi/bin/../lib/gcc/arm-none-eabi/7.2.1/thumb/v7e-m/fpv4-sp/hard/crtbegin.o
LOAD c:/users/willi/.platformio/packages/toolchain-gccarmnoneeabi/bin/../lib/gcc/arm-none-eabi/7.2.1/../../../../arm-none-eabi/lib/thumb/v7e-m/fpv4-sp/hard/crt0.o
LOAD .pio\build\uno_r4_minima\src\enemy.cpp.o
LOAD .pio\build\uno_r4_minima\src\game.cpp.o
LOAD .pio\build\uno_r4_minima\src\main.cpp.o
LOAD .pio\build\uno_r4_minima\src\movement.cpp.o
LOAD .pio\build\uno_r4_minima\src\player.cpp.o
START GROUP
LOAD .pio\build\uno_r4_minima\lib25a\libWire.a
LOAD .pio\build\uno_r4_minima\lib6ef\libLiquidCrystal_I2C.a
LOAD .pio\build\uno_r4_minima\libFrameworkArduinoVariant.a
LOAD .pio\build\uno_r4_minima\libFrameworkArduino.a
LOAD C:\Users\willi\.platformio\packages\framework-arduinorenesas-uno\variants\MINIMA\libs\libfsp.a
LOAD c:/users/willi/.platformio/packages/toolchain-gccarmnoneeabi/bin/../lib/gcc/arm-none-eabi/7.2.1/../../../../arm-none-eabi/lib/thumb/v7e-m/fpv4-sp/hard\libstdc++_nano.a
LOAD c:/users/willi/.platformio/packages/toolchain-gccarmnoneeabi/bin/../lib/gcc/arm-none-eabi/7.2.1/../../../../arm-none-eabi/lib/thumb/v7e-m/fpv4-sp/hard\libsupc++_nano.a
LOAD c:/users/willi/.platformio/packages/toolchain-gccarmnoneeabi/bin/../lib/gcc/arm-none-eabi/7.2.1/thumb/v7e-m/fpv4-sp/hard\libgcc.a
LOAD c:/users/willi/.platformio/packages/toolchain-gccarmnoneeabi/bin/../lib/gcc/arm-none-eabi/7.2.1/../../../../arm-none-eabi/lib/thumb/v7e-m/fpv4-sp/hard\libnosys.a
END GROUP
LOAD c:/users/willi/.platformio/packages/toolchain-gccarmnoneeabi/bin/../lib/gcc/arm-none-eabi/7.2.1/../../../../arm-none-eabi/lib/thumb/v7e-m/fpv4-sp/hard\libstdc++_nano.a
LOAD c:/users/willi/.platformio/packages/toolchain-gccarmnoneeabi/bin/../lib/gcc/arm-none-eabi/7.2.1/../../../../arm-none-eabi/lib/thumb/v7e-m/fpv4-sp/hard\libm.a
LOAD c:/users/willi/.platformio/packages/toolchain-gccarmnoneeabi/bin/../lib/gcc/arm-none-eabi/7.2.1/../../../../arm-none-eabi/lib/thumb/v7e-m/fpv4-sp/hard\libc_nano.a
START GROUP
LOAD c:/users/willi/.platformio/packages/toolchain-gccarmnoneeabi/bin/../lib/gcc/arm-none-eabi/7.2.1/thumb/v7e-m/fpv4-sp/hard\libgcc.a
LOAD c:/users/willi/.platformio/packages/toolchain-gccarmnoneeabi/bin/../lib/gcc/arm-none-eabi/7.2.1/../../../../arm-none-eabi/lib/thumb/v7e-m/fpv4-sp/hard\libc_nano.a
END GROUP
START GROUP
LOAD c:/users/willi/.platformio/packages/toolchain-gccarmnoneeabi/bin/../lib/gcc/arm-none-eabi/7.2.1/thumb/v7e-m/fpv4-sp/hard\libgcc.a
LOAD c:/users/willi/.platformio/packages/toolchain-gccarmnoneeabi/bin/../lib/gcc/arm-none-eabi/7.2.1/../../../../arm-none-eabi/lib/thumb/v7e-m/fpv4-sp/hard\libc_nano.a
LOAD c:/users/willi/.platformio/packages/toolchain-gccarmnoneeabi/bin/../lib/gcc/arm-none-eabi/7.2.1/../../../../arm-none-eabi/lib/thumb/v7e-m/fpv4-sp/hard\libnosys.a
END GROUP
START GROUP
LOAD c:/users/willi/.platformio/packages/toolchain-gccarmnoneeabi/bin/../lib/gcc/arm-none-eabi/7.2.1/thumb/v7e-m/fpv4-sp/hard\libgcc.a
LOAD c:/users/willi/.platformio/packages/toolchain-gccarmnoneeabi/bin/../lib/gcc/arm-none-eabi/7.2.1/../../../../arm-none-eabi/lib/thumb/v7e-m/fpv4-sp/hard\libc_nano.a
LOAD c:/users/willi/.platformio/packages/toolchain-gccarmnoneeabi/bin/../lib/gcc/arm-none-eabi/7.2.1/../../../../arm-none-eabi/lib/thumb/v7e-m/fpv4-sp/hard\libnosys.a
END GROUP
LOAD c:/users/willi/.platformio/packages/toolchain-gccarmnoneeabi/bin/../lib/gcc/arm-none-eabi/7.2.1/thumb/v7e-m/fpv4-sp/hard/crtend.o
LOAD c:/users/willi/.platformio/packages/toolchain-gccarmnoneeabi/bin/../lib/gcc/arm-none-eabi/7.2.1/thumb/v7e-m/fpv4-sp/hard/crtn.o
                0x20000000                RAM_START = 0x20000000
                0x00008000                RAM_LENGTH = 0x8000
                0x00000000                FLASH_START = 0x0
                0x00040000                FLASH_LENGTH = 0x40000
                0x40100000                DATA_FLASH_START = 0x40100000
                0x00002000                DATA_FLASH_LENGTH = 0x2000
                0x00000000                OPTION_SETTING_START = 0x0
                0x00000000                OPTION_SETTING_LENGTH = 0x0
                0x00000000                OPTION_SETTING_S_START = 0x0
                0x00000000                OPTION_SETTING_S_LENGTH = 0x0
                0x01010018                ID_CODE_START = 0x1010018
                0x00000020                ID_CODE_LENGTH = 0x20
                0x90000000                SDRAM_START = 0x90000000
                0x00000000                SDRAM_LENGTH = 0x0
                0x60000000                QSPI_FLASH_START = 0x60000000
                0x00000000                QSPI_FLASH_LENGTH = 0x0
                0x68000000                OSPI_DEVICE_0_START = 0x68000000
                0x00000000                OSPI_DEVICE_0_LENGTH = 0x0
                0x70000000                OSPI_DEVICE_1_START = 0x70000000
                0x00000000                OSPI_DEVICE_1_LENGTH = 0x0
                0x00004000                FLASH_IMAGE_START = 0x4000
                0x00000100                VECTOR_TABLE_LENGTH = 0x100
                0x00000400                BSP_CFG_STACK_MAIN_BYTES = 0x400
START GROUP
LOAD c:/users/willi/.platformio/packages/toolchain-gccarmnoneeabi/bin/../lib/gcc/arm-none-eabi/7.2.1/thumb/v7e-m/fpv4-sp/hard\libgcc.a
LOAD c:/users/willi/.platformio/packages/toolchain-gccarmnoneeabi/bin/../lib/gcc/arm-none-eabi/7.2.1/../../../../arm-none-eabi/lib/thumb/v7e-m/fpv4-sp/hard\libc.a
LOAD c:/users/willi/.platformio/packages/toolchain-gccarmnoneeabi/bin/../lib/gcc/arm-none-eabi/7.2.1/../../../../arm-none-eabi/lib/thumb/v7e-m/fpv4-sp/hard\libm.a
LOAD c:/users/willi/.platformio/packages/toolchain-gccarmnoneeabi/bin/../lib/gcc/arm-none-eabi/7.2.1/../../../../arm-none-eabi/lib/thumb/v7e-m/fpv4-sp/hard\libnosys.a
END GROUP

.text           0x00004000     0xcac4
                0x00000000                __tz_FLASH_S = ABSOLUTE (FLASH_START)
                0x00004000                __ROM_Start = .
 *(.sketch_boot)
                0x00004000                . = ALIGN (0x800)
 *(.fixed_vectors*)
 .fixed_vectors
                0x00004000       0x40 C:\Users\willi\.platformio\packages\framework-arduinorenesas-uno\variants\MINIMA\libs\libfsp.a(startup.o)
                0x00004000                __Vectors
 *(.application_vectors*)
 .application_vectors
                0x00004040       0x80 .pio\build\uno_r4_minima\libFrameworkArduino.a(vector_table.c.o)
                0x00004040                g_vector_table
                0x000040c0                __Vectors_End = .
 *(.text*)
 .text          0x000040c0       0x40 c:/users/willi/.platformio/packages/toolchain-gccarmnoneeabi/bin/../lib/gcc/arm-none-eabi/7.2.1/thumb/v7e-m/fpv4-sp/hard/crtbegin.o
 .text._ZNSt7__cxx1112basic_stringIcSt11char_traitsIcESaIcEE7_S_moveEPcPKcj
                0x00004100       0x1a .pio\build\uno_r4_minima\src\enemy.cpp.o
                0x00004100                std::__cxx11::basic_string<char, std::char_traits<char>, std::allocator<char> >::_S_move(char*, char const*, unsigned int)
 .text._ZNSt7__cxx1112basic_stringIcSt11char_traitsIcESaIcEE7_S_copyEPcPKcj
                0x0000411a       0x1a .pio\build\uno_r4_minima\src\enemy.cpp.o
                0x0000411a                std::__cxx11::basic_string<char, std::char_traits<char>, std::allocator<char> >::_S_copy(char*, char const*, unsigned int)
 .text._ZNSt7__cxx1112basic_stringIcSt11char_traitsIcESaIcEE9_M_mutateEjjPKcj
                0x00004134       0xa0 .pio\build\uno_r4_minima\src\enemy.cpp.o
                0x00004134                std::__cxx11::basic_string<char, std::char_traits<char>, std::allocator<char> >::_M_mutate(unsigned int, unsigned int, char const*, unsigned int)
 .text._ZNSt7__cxx1112basic_stringIcSt11char_traitsIcESaIcEE10_M_replaceEjjPKcj
                0x000041d4       0xfc .pio\build\uno_r4_minima\src\enemy.cpp.o
                0x000041d4                std::__cxx11::basic_string<char, std::char_traits<char>, std::allocator<char> >::_M_replace(unsigned int, unsigned int, char const*, unsigned int)
 .text._ZNSt7__cxx1112basic_stringIcSt11char_traitsIcESaIcEEaSEPKc
                0x000042d0       0x1e .pio\build\uno_r4_minima\src\enemy.cpp.o
                0x000042d0                std::__cxx11::basic_string<char, std::char_traits<char>, std::allocator<char> >::operator=(char const*)
 *fill*         0x000042ee        0x2 ff
 .text.startup._GLOBAL__sub_I_lastDamageTime
                0x000042f0       0x14 .pio\build\uno_r4_minima\src\enemy.cpp.o
 .text.exit._GLOBAL__sub_D_lastDamageTime
                0x00004304       0x14 .pio\build\uno_r4_minima\src\enemy.cpp.o
 .text._Z13CrawlerHandleR5Enemy
                0x00004318      0x174 .pio\build\uno_r4_minima\src\enemy.cpp.o
                0x00004318                CrawlerHandle(Enemy&)
 .text._Z13CreeperHandleR5Enemy
                0x0000448c      0x2c4 .pio\build\uno_r4_minima\src\enemy.cpp.o
                0x0000448c                CreeperHandle(Enemy&)
 .text._Z11EnemyHandlev
                0x00004750      0x2c0 .pio\build\uno_r4_minima\src\enemy.cpp.o
                0x00004750                EnemyHandle()
 .text._Z9EnemyKillv
                0x00004a10      0x108 .pio\build\uno_r4_minima\src\enemy.cpp.o
                0x00004a10                EnemyKill()
 .text._Z10BossHandlev
                0x00004b18      0x2bc .pio\build\uno_r4_minima\src\enemy.cpp.o
                0x00004b18                BossHandle()
 .text._Z10WriteLevelv
                0x00004dd4      0x448 .pio\build\uno_r4_minima\src\game.cpp.o
                0x00004dd4                WriteLevel()
 .text._Z14PlayDeathSoundv
                0x0000521c       0x2c .pio\build\uno_r4_minima\src\game.cpp.o
                0x0000521c                PlayDeathSound()
 .text._Z14PlaySlashSoundv
                0x00005248       0x2c .pio\build\uno_r4_minima\src\game.cpp.o
                0x00005248                PlaySlashSound()
 .text._Z10PlaySoundsPKi
                0x00005274       0x8c .pio\build\uno_r4_minima\src\game.cpp.o
                0x00005274                PlaySounds(int const*)
 .text.startup._GLOBAL__sub_I_Platformer
                0x00005300       0x10 .pio\build\uno_r4_minima\src\game.cpp.o
 .text._Z12DebrisHandlev
                0x00005310       0xc4 .pio\build\uno_r4_minima\src\game.cpp.o
                0x00005310                DebrisHandle()
 .text._Z15FakeBlockHandlev
                0x000053d4       0x7c .pio\build\uno_r4_minima\src\game.cpp.o
                0x000053d4                FakeBlockHandle()
 .text.setup    0x00005450       0xb0 .pio\build\uno_r4_minima\src\main.cpp.o
                0x00005450                setup
 .text.loop     0x00005500      0x36c .pio\build\uno_r4_minima\src\main.cpp.o
                0x00005500                loop
 .text._Z10ChangeXPosv
                0x0000586c       0x6c .pio\build\uno_r4_minima\src\movement.cpp.o
                0x0000586c                ChangeXPos()
 .text._Z10JumpHandlev
                0x000058d8      0x440 .pio\build\uno_r4_minima\src\movement.cpp.o
                0x000058d8                JumpHandle()
 .text._Z10FallHandlev
                0x00005d18       0xf4 .pio\build\uno_r4_minima\src\movement.cpp.o
                0x00005d18                FallHandle()
 .text._Z16WalkSprintHandlev
                0x00005e0c      0x21c .pio\build\uno_r4_minima\src\movement.cpp.o
                0x00005e0c                WalkSprintHandle()
 .text._Z21MovementControlsCheckv
                0x00006028      0x148 .pio\build\uno_r4_minima\src\player.cpp.o
                0x00006028                MovementControlsCheck()
 .text._Z11SlashHandlev
                0x00006170      0x1f8 .pio\build\uno_r4_minima\src\player.cpp.o
                0x00006170                SlashHandle()
 .text._Z23StationaryControlsCheckv
                0x00006368      0x250 .pio\build\uno_r4_minima\src\player.cpp.o
                0x00006368                StationaryControlsCheck()
 .text._Z17damageLivesHandlev
                0x000065b8       0x74 .pio\build\uno_r4_minima\src\player.cpp.o
                0x000065b8                damageLivesHandle()
 .text._ZN7arduino5Print17availableForWriteEv
                0x0000662c        0x4 .pio\build\uno_r4_minima\lib6ef\libLiquidCrystal_I2C.a(LiquidCrystal_I2C.cpp.o)
                0x0000662c                arduino::Print::availableForWrite()
 .text._ZN7arduino5Print5flushEv
                0x00006630        0x2 .pio\build\uno_r4_minima\lib6ef\libLiquidCrystal_I2C.a(LiquidCrystal_I2C.cpp.o)
                0x00006630                arduino::Print::flush()
 *fill*         0x00006632        0x2 ff
 .text._ZN17LiquidCrystal_I2CC2Ehhh
                0x00006634       0x1c .pio\build\uno_r4_minima\lib6ef\libLiquidCrystal_I2C.a(LiquidCrystal_I2C.cpp.o)
                0x00006634                LiquidCrystal_I2C::LiquidCrystal_I2C(unsigned char, unsigned char, unsigned char)
                0x00006634                LiquidCrystal_I2C::LiquidCrystal_I2C(unsigned char, unsigned char, unsigned char)
 .text._ZN17LiquidCrystal_I2C13expanderWriteEh
                0x00006650       0x28 .pio\build\uno_r4_minima\lib6ef\libLiquidCrystal_I2C.a(LiquidCrystal_I2C.cpp.o)
                0x00006650                LiquidCrystal_I2C::expanderWrite(unsigned char)
 .text._ZN17LiquidCrystal_I2C9backlightEv
                0x00006678        0xa .pio\build\uno_r4_minima\lib6ef\libLiquidCrystal_I2C.a(LiquidCrystal_I2C.cpp.o)
                0x00006678                LiquidCrystal_I2C::backlight()
 .text._ZN17LiquidCrystal_I2C11pulseEnableEh
                0x00006682       0x28 .pio\build\uno_r4_minima\lib6ef\libLiquidCrystal_I2C.a(LiquidCrystal_I2C.cpp.o)
                0x00006682                LiquidCrystal_I2C::pulseEnable(unsigned char)
 .text._ZN17LiquidCrystal_I2C10write4bitsEh
                0x000066aa       0x16 .pio\build\uno_r4_minima\lib6ef\libLiquidCrystal_I2C.a(LiquidCrystal_I2C.cpp.o)
                0x000066aa                LiquidCrystal_I2C::write4bits(unsigned char)
 .text._ZN17LiquidCrystal_I2C4sendEhh
                0x000066c0       0x22 .pio\build\uno_r4_minima\lib6ef\libLiquidCrystal_I2C.a(LiquidCrystal_I2C.cpp.o)
                0x000066c0                LiquidCrystal_I2C::send(unsigned char, unsigned char)
 .text._ZN17LiquidCrystal_I2C5writeEh
                0x000066e2        0xc .pio\build\uno_r4_minima\lib6ef\libLiquidCrystal_I2C.a(LiquidCrystal_I2C.cpp.o)
                0x000066e2                LiquidCrystal_I2C::write(unsigned char)
 .text._ZN17LiquidCrystal_I2C7commandEh
                0x000066ee        0x6 .pio\build\uno_r4_minima\lib6ef\libLiquidCrystal_I2C.a(LiquidCrystal_I2C.cpp.o)
                0x000066ee                LiquidCrystal_I2C::command(unsigned char)
 .text._ZN17LiquidCrystal_I2C4homeEv
                0x000066f4       0x14 .pio\build\uno_r4_minima\lib6ef\libLiquidCrystal_I2C.a(LiquidCrystal_I2C.cpp.o)
                0x000066f4                LiquidCrystal_I2C::home()
 .text._ZN17LiquidCrystal_I2C9setCursorEhh
                0x00006708       0x40 .pio\build\uno_r4_minima\lib6ef\libLiquidCrystal_I2C.a(LiquidCrystal_I2C.cpp.o)
                0x00006708                LiquidCrystal_I2C::setCursor(unsigned char, unsigned char)
 .text._ZN17LiquidCrystal_I2C5clearEv
                0x00006748       0x26 .pio\build\uno_r4_minima\lib6ef\libLiquidCrystal_I2C.a(LiquidCrystal_I2C.cpp.o)
                0x00006748                LiquidCrystal_I2C::clear()
 .text._ZN17LiquidCrystal_I2C7displayEv
                0x0000676e       0x14 .pio\build\uno_r4_minima\lib6ef\libLiquidCrystal_I2C.a(LiquidCrystal_I2C.cpp.o)
                0x0000676e                LiquidCrystal_I2C::display()
 .text._ZN17LiquidCrystal_I2C10createCharEhPh
                0x00006782       0x2a .pio\build\uno_r4_minima\lib6ef\libLiquidCrystal_I2C.a(LiquidCrystal_I2C.cpp.o)
                0x00006782                LiquidCrystal_I2C::createChar(unsigned char, unsigned char*)
 .text._ZN17LiquidCrystal_I2C5beginEhhh
                0x000067ac       0xa2 .pio\build\uno_r4_minima\lib6ef\libLiquidCrystal_I2C.a(LiquidCrystal_I2C.cpp.o)
                0x000067ac                LiquidCrystal_I2C::begin(unsigned char, unsigned char, unsigned char)
 *fill*         0x0000684e        0x2 ff
 .text._ZN17LiquidCrystal_I2C9init_privEv
                0x00006850       0x20 .pio\build\uno_r4_minima\lib6ef\libLiquidCrystal_I2C.a(LiquidCrystal_I2C.cpp.o)
                0x00006850                LiquidCrystal_I2C::init_priv()
 .text._ZN17LiquidCrystal_I2C4initEv
                0x00006870        0x4 .pio\build\uno_r4_minima\lib6ef\libLiquidCrystal_I2C.a(LiquidCrystal_I2C.cpp.o)
                0x00006870                LiquidCrystal_I2C::init()
 .text.startup.main
                0x00006874        0xa .pio\build\uno_r4_minima\libFrameworkArduinoVariant.a(main.c.o)
                0x00006874                main
 *fill*         0x0000687e        0x2 ff
 .text._ZN4Tone4stopEv
                0x00006880       0x2c .pio\build\uno_r4_minima\libFrameworkArduino.a(Tone.cpp.o)
                0x00006880                Tone::stop()
 .text._Z19tone_timer_callbackP22st_timer_callback_args
                0x000068ac       0x30 .pio\build\uno_r4_minima\libFrameworkArduino.a(Tone.cpp.o)
                0x000068ac                tone_timer_callback(st_timer_callback_args*)
 .text._ZN4Tone12timer_configEm
                0x000068dc       0x98 .pio\build\uno_r4_minima\libFrameworkArduino.a(Tone.cpp.o)
                0x000068dc                Tone::timer_config(unsigned long)
 .text._Z4tonehjm
                0x00006974       0x90 .pio\build\uno_r4_minima\libFrameworkArduino.a(Tone.cpp.o)
                0x00006974                tone(unsigned char, unsigned int, unsigned long)
 .text._Z6noToneh
                0x00006a04       0x28 .pio\build\uno_r4_minima\libFrameworkArduino.a(Tone.cpp.o)
                0x00006a04                noTone(unsigned char)
 .text.startup._GLOBAL__sub_I__ZN4Tone10tone_timerE
                0x00006a2c        0xc .pio\build\uno_r4_minima\libFrameworkArduino.a(Tone.cpp.o)
 .text.exit._GLOBAL__sub_D__ZN4Tone10tone_timerE
                0x00006a38        0xc .pio\build\uno_r4_minima\libFrameworkArduino.a(Tone.cpp.o)
 .text._ZL13readAllGroupAP13ADC_Container
                0x00006a44       0x2c .pio\build\uno_r4_minima\libFrameworkArduino.a(analog.cpp.o)
 .text._ZL11ADC_irq_cbkP20st_adc_callback_args
                0x00006a70       0x58 .pio\build\uno_r4_minima\libFrameworkArduino.a(analog.cpp.o)
 .text._ZL10adcConvertP13ADC_Containert
                0x00006ac8       0xa4 .pio\build\uno_r4_minima\libFrameworkArduino.a(analog.cpp.o)
 .text._ZL21get_ADC_container_ptrlRt.constprop.4
                0x00006b6c       0x38 .pio\build\uno_r4_minima\libFrameworkArduino.a(analog.cpp.o)
 .text._ZN13ADC_ContainerC2EhPFvP20st_adc_callback_argsEPv
                0x00006ba4       0x6e .pio\build\uno_r4_minima\libFrameworkArduino.a(analog.cpp.o)
                0x00006ba4                ADC_Container::ADC_Container(unsigned char, void (*)(st_adc_callback_args*), void*)
                0x00006ba4                ADC_Container::ADC_Container(unsigned char, void (*)(st_adc_callback_args*), void*)
 .text._ZN13ADC_ContainerD2Ev
                0x00006c12       0x12 .pio\build\uno_r4_minima\libFrameworkArduino.a(analog.cpp.o)
                0x00006c12                ADC_Container::~ADC_Container()
                0x00006c12                ADC_Container::~ADC_Container()
 .text.analogRead
                0x00006c24       0x3c .pio\build\uno_r4_minima\libFrameworkArduino.a(analog.cpp.o)
                0x00006c24                analogRead
 .text.analogReference
                0x00006c60       0x5c .pio\build\uno_r4_minima\libFrameworkArduino.a(analog.cpp.o)
                0x00006c60                analogReference
 *fill*         0x00006cbc        0x4 ff
 .text._Z15analogReferencev
                0x00006cc0      0x10c .pio\build\uno_r4_minima\libFrameworkArduino.a(analog.cpp.o)
                0x00006cc0                analogReference()
 .text._Z23__get_timer_for_channeli
                0x00006dcc       0x2c .pio\build\uno_r4_minima\libFrameworkArduino.a(analog.cpp.o)
                0x00006dcc                __get_timer_for_channel(int)
 .text.startup._GLOBAL__sub_I__ZN13ADC_ContainerC2EhPFvP20st_adc_callback_argsEPv
                0x00006df8       0x4c .pio\build\uno_r4_minima\libFrameworkArduino.a(analog.cpp.o)
 .text.exit._GLOBAL__sub_D__ZN13ADC_ContainerC2EhPFvP20st_adc_callback_argsEPv
                0x00006e44       0x1c .pio\build\uno_r4_minima\libFrameworkArduino.a(analog.cpp.o)
 .text._Z3maplllll
                0x00006e60       0x14 .pio\build\uno_r4_minima\libFrameworkArduino.a(Common.cpp.o)
                0x00006e60                map(long, long, long, long, long)
 .text._ZN7arduino5Print5writeEPKhj
                0x00006e74       0x2c .pio\build\uno_r4_minima\libFrameworkArduino.a(Print.cpp.o)
                0x00006e74                arduino::Print::write(unsigned char const*, unsigned int)
 .text._ZN7arduino5Print5writeEPKc.part.2
                0x00006ea0       0x1e .pio\build\uno_r4_minima\libFrameworkArduino.a(Print.cpp.o)
 .text._ZN7arduino5Print5writeEPKc
                0x00006ebe        0xa .pio\build\uno_r4_minima\libFrameworkArduino.a(Print.cpp.o)
                0x00006ebe                arduino::Print::write(char const*)
 .text._ZN7arduino5Print5printEPKc
                0x00006ec8        0x8 .pio\build\uno_r4_minima\libFrameworkArduino.a(Print.cpp.o)
                0x00006ec8                arduino::Print::print(char const*)
 .text._ZN7arduino5Print5printEc
                0x00006ed0        0x8 .pio\build\uno_r4_minima\libFrameworkArduino.a(Print.cpp.o)
                0x00006ed0                arduino::Print::print(char)
 .text._ZN7arduino5Print11printNumberEmh
                0x00006ed8       0x3c .pio\build\uno_r4_minima\libFrameworkArduino.a(Print.cpp.o)
                0x00006ed8                arduino::Print::printNumber(unsigned long, unsigned char)
 .text._ZN7arduino5Print5printEli
                0x00006f14       0x44 .pio\build\uno_r4_minima\libFrameworkArduino.a(Print.cpp.o)
                0x00006f14                arduino::Print::print(long, int)
 .text._ZN7arduino5Print5printEii
                0x00006f58        0x4 .pio\build\uno_r4_minima\libFrameworkArduino.a(Print.cpp.o)
                0x00006f58                arduino::Print::print(int, int)
 .text._ZN7arduino5Print5printEmi
                0x00006f5c       0x1a .pio\build\uno_r4_minima\libFrameworkArduino.a(Print.cpp.o)
                0x00006f5c                arduino::Print::print(unsigned long, int)
 .text._ZN7arduino5Print5printEhi
                0x00006f76        0x4 .pio\build\uno_r4_minima\libFrameworkArduino.a(Print.cpp.o)
                0x00006f76                arduino::Print::print(unsigned char, int)
 *fill*         0x00006f7a        0x2 ff
 .text._ZN4CDacC2Eh
                0x00006f7c       0x6c .pio\build\uno_r4_minima\libFrameworkArduino.a(dac.cpp.o)
                0x00006f7c                CDac::CDac(unsigned char)
                0x00006f7c                CDac::CDac(unsigned char)
 .text.startup._GLOBAL__sub_I__ZN4CDacC2Eh
                0x00006fe8        0xc .pio\build\uno_r4_minima\libFrameworkArduino.a(dac.cpp.o)
 .text.pinMode  0x00006ff4       0x30 .pio\build\uno_r4_minima\libFrameworkArduino.a(digital.cpp.o)
                0x00006ff4                pinMode
 .text.digitalWrite
                0x00007024       0x18 .pio\build\uno_r4_minima\libFrameworkArduino.a(digital.cpp.o)
                0x00007024                digitalWrite
 .text.digitalRead
                0x0000703c       0x28 .pio\build\uno_r4_minima\libFrameworkArduino.a(digital.cpp.o)
                0x0000703c                digitalRead
 .text.R_BSP_PinAccessEnable
                0x00007064       0x2c .pio\build\uno_r4_minima\libFrameworkArduino.a(main.cpp.o)
 .text.atexit   0x00007090        0x4 .pio\build\uno_r4_minima\libFrameworkArduino.a(main.cpp.o)
                0x00007090                atexit
 .text._Z12arduino_mainv
                0x00007094       0x7c .pio\build\uno_r4_minima\libFrameworkArduino.a(main.cpp.o)
                0x00007094                arduino_main()
 .text.hal_entry
                0x00007110        0x6 .pio\build\uno_r4_minima\libFrameworkArduino.a(main.cpp.o)
                0x00007110                hal_entry
 *fill*         0x00007116        0x2 ff
 .text._Z13pinPeripheral19e_bsp_io_port_pin_tm
                0x00007118       0x10 .pio\build\uno_r4_minima\libFrameworkArduino.a(pinDefinitions.cpp.o)
                0x00007118                pinPeripheral(e_bsp_io_port_pin_t, unsigned long)
 .text._ZL21timer_micros_callbackP22st_timer_callback_args
                0x00007128       0x10 .pio\build\uno_r4_minima\libFrameworkArduino.a(time.cpp.o)
 .text.delayMicroseconds
                0x00007138        0x6 .pio\build\uno_r4_minima\libFrameworkArduino.a(time.cpp.o)
                0x00007138                delayMicroseconds
 .text.yield    0x0000713e        0x2 .pio\build\uno_r4_minima\libFrameworkArduino.a(time.cpp.o)
                0x0000713e                yield
 .text.delay    0x00007140       0x1c .pio\build\uno_r4_minima\libFrameworkArduino.a(time.cpp.o)
                0x00007140                delay
 .text._Z8startAgtv
                0x0000715c       0x6c .pio\build\uno_r4_minima\libFrameworkArduino.a(time.cpp.o)
                0x0000715c                startAgt()
 .text.millis   0x000071c8        0xc .pio\build\uno_r4_minima\libFrameworkArduino.a(time.cpp.o)
                0x000071c8                millis
 .text.startup._GLOBAL__sub_I_delayMicroseconds
                0x000071d4        0xc .pio\build\uno_r4_minima\libFrameworkArduino.a(time.cpp.o)
 .text.exit._GLOBAL__sub_D_delayMicroseconds
                0x000071e0        0xc .pio\build\uno_r4_minima\libFrameworkArduino.a(time.cpp.o)
 .text._ZN10_SerialUSB5beginEmt
                0x000071ec        0x6 .pio\build\uno_r4_minima\libFrameworkArduino.a(SerialUSB.cpp.o)
                0x000071ec                _SerialUSB::begin(unsigned long, unsigned short)
 .text._ZN10_SerialUSB5beginEm
                0x000071f2        0xa .pio\build\uno_r4_minima\libFrameworkArduino.a(SerialUSB.cpp.o)
                0x000071f2                _SerialUSB::begin(unsigned long)
 .text._ZN10_SerialUSB3endEv
                0x000071fc        0x2 .pio\build\uno_r4_minima\libFrameworkArduino.a(SerialUSB.cpp.o)
                0x000071fc                _SerialUSB::end()
 .text._ZN10_SerialUSB5writeEh
                0x000071fe       0x16 .pio\build\uno_r4_minima\libFrameworkArduino.a(SerialUSB.cpp.o)
                0x000071fe                _SerialUSB::write(unsigned char)
 .text._ZN10_SerialUSB9availableEv
                0x00007214        0xc .pio\build\uno_r4_minima\libFrameworkArduino.a(SerialUSB.cpp.o)
                0x00007214                _SerialUSB::available()
 .text._ZN10_SerialUSB17availableForWriteEv
                0x00007220        0xc .pio\build\uno_r4_minima\libFrameworkArduino.a(SerialUSB.cpp.o)
                0x00007220                _SerialUSB::availableForWrite()
 .text._ZN10_SerialUSB5flushEv
                0x0000722c        0xc .pio\build\uno_r4_minima\libFrameworkArduino.a(SerialUSB.cpp.o)
                0x0000722c                _SerialUSB::flush()
 .text._ZN10_SerialUSB4peekEv
                0x00007238       0x22 .pio\build\uno_r4_minima\libFrameworkArduino.a(SerialUSB.cpp.o)
                0x00007238                _SerialUSB::peek()
 .text._Z18__USBInstallSerialv
                0x0000725a        0x2 .pio\build\uno_r4_minima\libFrameworkArduino.a(SerialUSB.cpp.o)
                0x0000725a                __USBInstallSerial()
 .text._ZN10_SerialUSB9connectedEv
                0x0000725c       0x10 .pio\build\uno_r4_minima\libFrameworkArduino.a(SerialUSB.cpp.o)
                0x0000725c                _SerialUSB::connected()
 .text._ZN10_SerialUSB4readEv
                0x0000726c       0x38 .pio\build\uno_r4_minima\libFrameworkArduino.a(SerialUSB.cpp.o)
                0x0000726c                _SerialUSB::read()
 .text._ZN10_SerialUSB5writeEPKhj
                0x000072a4       0x62 .pio\build\uno_r4_minima\libFrameworkArduino.a(SerialUSB.cpp.o)
                0x000072a4                _SerialUSB::write(unsigned char const*, unsigned int)
 *fill*         0x00007306        0x2 ff
 .text._ZN10_SerialUSBcvbEv
                0x00007308       0x3c .pio\build\uno_r4_minima\libFrameworkArduino.a(SerialUSB.cpp.o)
                0x00007308                _SerialUSB::operator bool()
 .text.tud_dfu_runtime_reboot_to_dfu_cb
                0x00007344       0x6c .pio\build\uno_r4_minima\libFrameworkArduino.a(SerialUSB.cpp.o)
                0x00007344                tud_dfu_runtime_reboot_to_dfu_cb
 .text.tud_cdc_line_state_cb
                0x000073b0       0x28 .pio\build\uno_r4_minima\libFrameworkArduino.a(SerialUSB.cpp.o)
                0x000073b0                tud_cdc_line_state_cb
 .text.tud_cdc_line_coding_cb
                0x000073d8       0x40 .pio\build\uno_r4_minima\libFrameworkArduino.a(SerialUSB.cpp.o)
                0x000073d8                tud_cdc_line_coding_cb
 .text.startup._GLOBAL__sub_I__ZN10_SerialUSB5beginEm
                0x00007418       0x20 .pio\build\uno_r4_minima\libFrameworkArduino.a(SerialUSB.cpp.o)
 .text._ZL5utox8mPc
                0x00007438       0x22 .pio\build\uno_r4_minima\libFrameworkArduino.a(USB.cpp.o)
 *fill*         0x0000745a        0x2 ff
 .text._Z24_usbfs_interrupt_handlerv
                0x0000745c       0x34 .pio\build\uno_r4_minima\libFrameworkArduino.a(USB.cpp.o)
                0x0000745c                _usbfs_interrupt_handler()
 .text.tud_descriptor_device_cb
                0x00007490       0x10 .pio\build\uno_r4_minima\libFrameworkArduino.a(USB.cpp.o)
                0x00007490                tud_descriptor_device_cb
 .text.tud_hid_descriptor_report_cb
                0x000074a0       0x1c .pio\build\uno_r4_minima\libFrameworkArduino.a(USB.cpp.o)
                0x000074a0                tud_hid_descriptor_report_cb
 .text.tud_descriptor_configuration_cb
                0x000074bc        0xc .pio\build\uno_r4_minima\libFrameworkArduino.a(USB.cpp.o)
                0x000074bc                tud_descriptor_configuration_cb
 .text._Z20__SetupUSBDescriptorv
                0x000074c8      0x16c .pio\build\uno_r4_minima\libFrameworkArduino.a(USB.cpp.o)
                0x000074c8                __SetupUSBDescriptor()
 .text.tud_descriptor_string_cb
                0x00007634       0x94 .pio\build\uno_r4_minima\libFrameworkArduino.a(USB.cpp.o)
                0x00007634                tud_descriptor_string_cb
 .text._Z17configure_usb_muxv
                0x000076c8        0x2 .pio\build\uno_r4_minima\libFrameworkArduino.a(USB.cpp.o)
                0x000076c8                configure_usb_mux()
 *fill*         0x000076ca        0x2 ff
 .text._Z10__USBStartv
                0x000076cc       0x84 .pio\build\uno_r4_minima\libFrameworkArduino.a(USB.cpp.o)
                0x000076cc                __USBStart()
 .text.tud_hid_get_report_cb
                0x00007750        0x4 .pio\build\uno_r4_minima\libFrameworkArduino.a(USB.cpp.o)
                0x00007750                tud_hid_get_report_cb
 .text.tud_hid_set_report_cb
                0x00007754        0x2 .pio\build\uno_r4_minima\libFrameworkArduino.a(USB.cpp.o)
                0x00007754                tud_hid_set_report_cb
 *fill*         0x00007756        0x2 ff
 .text._Z10getPinCfgsh11PinCfgReq_t
                0x00007758       0xe0 .pio\build\uno_r4_minima\libFrameworkArduino.a(variant_helper.cpp.o)
                0x00007758                getPinCfgs(unsigned char, PinCfgReq_t)
 .text.R_FSP_SystemClockHzGet
                0x00007838       0x24 .pio\build\uno_r4_minima\libFrameworkArduino.a(FspTimer.cpp.o)
 .text._ZN8FspTimer17set_period_countsEhfm.part.2
                0x0000785c      0x158 .pio\build\uno_r4_minima\libFrameworkArduino.a(FspTimer.cpp.o)
 .text._ZN8FspTimerC2Ev
                0x000079b4       0x18 .pio\build\uno_r4_minima\libFrameworkArduino.a(FspTimer.cpp.o)
                0x000079b4                FspTimer::FspTimer()
                0x000079b4                FspTimer::FspTimer()
 .text._ZN8FspTimer5beginE12e_timer_modehhmm18e_timer_source_divPFvP22st_timer_callback_argsEPv
                0x000079cc      0x16c .pio\build\uno_r4_minima\libFrameworkArduino.a(FspTimer.cpp.o)
                0x000079cc                FspTimer::begin(e_timer_mode, unsigned char, unsigned char, unsigned long, unsigned long, e_timer_source_div, void (*)(st_timer_callback_args*), void*)
 .text._ZN8FspTimer19get_available_timerERhb
                0x00007b38       0x74 .pio\build\uno_r4_minima\libFrameworkArduino.a(FspTimer.cpp.o)
                0x00007b38                FspTimer::get_available_timer(unsigned char&, bool)
 .text._ZN8FspTimer17set_period_countsEhfm
                0x00007bac       0xd8 .pio\build\uno_r4_minima\libFrameworkArduino.a(FspTimer.cpp.o)
                0x00007bac                FspTimer::set_period_counts(unsigned char, float, unsigned long)
 .text._ZN8FspTimer5beginE12e_timer_modehhffPFvP22st_timer_callback_argsEPv
                0x00007c84       0xb8 .pio\build\uno_r4_minima\libFrameworkArduino.a(FspTimer.cpp.o)
                0x00007c84                FspTimer::begin(e_timer_mode, unsigned char, unsigned char, float, float, void (*)(st_timer_callback_args*), void*)
 .text._ZN8FspTimer4openEv
                0x00007d3c       0x4e .pio\build\uno_r4_minima\libFrameworkArduino.a(FspTimer.cpp.o)
                0x00007d3c                FspTimer::open()
 .text._ZN8FspTimer4stopEv
                0x00007d8a       0x2e .pio\build\uno_r4_minima\libFrameworkArduino.a(FspTimer.cpp.o)
                0x00007d8a                FspTimer::stop()
 .text._ZN8FspTimer5startEv
                0x00007db8       0x2e .pio\build\uno_r4_minima\libFrameworkArduino.a(FspTimer.cpp.o)
                0x00007db8                FspTimer::start()
 .text._ZN8FspTimer5closeEv
                0x00007de6       0x2e .pio\build\uno_r4_minima\libFrameworkArduino.a(FspTimer.cpp.o)
                0x00007de6                FspTimer::close()
 .text._ZN8FspTimer3endEv
                0x00007e14       0x48 .pio\build\uno_r4_minima\libFrameworkArduino.a(FspTimer.cpp.o)
                0x00007e14                FspTimer::end()
 .text._ZN8FspTimerD2Ev
                0x00007e5c        0xc .pio\build\uno_r4_minima\libFrameworkArduino.a(FspTimer.cpp.o)
                0x00007e5c                FspTimer::~FspTimer()
                0x00007e5c                FspTimer::~FspTimer()
 .text._ZN8FspTimer13set_period_msEd
                0x00007e68       0x74 .pio\build\uno_r4_minima\libFrameworkArduino.a(FspTimer.cpp.o)
                0x00007e68                FspTimer::set_period_ms(double)
 .text._ZN8FspTimer13set_frequencyEf
                0x00007edc       0x28 .pio\build\uno_r4_minima\libFrameworkArduino.a(FspTimer.cpp.o)
                0x00007edc                FspTimer::set_frequency(float)
 .text._ZN8FspTimer15get_cfg_for_irqEv
                0x00007f04       0x14 .pio\build\uno_r4_minima\libFrameworkArduino.a(FspTimer.cpp.o)
                0x00007f04                FspTimer::get_cfg_for_irq()
 .text._ZN8FspTimer9is_openedEv
                0x00007f18       0x18 .pio\build\uno_r4_minima\libFrameworkArduino.a(FspTimer.cpp.o)
                0x00007f18                FspTimer::is_opened()
 .text._ZN8FspTimer18setup_overflow_irqEhPFvvE
                0x00007f30       0x4e .pio\build\uno_r4_minima\libFrameworkArduino.a(FspTimer.cpp.o)
                0x00007f30                FspTimer::setup_overflow_irq(unsigned char, void (*)())
 *fill*         0x00007f7e        0x2 ff
 .text.__NVIC_SetPriority
                0x00007f80       0x28 .pio\build\uno_r4_minima\libFrameworkArduino.a(IRQManager.cpp.o)
 .text.R_BSP_IrqEnable
                0x00007fa8       0x34 .pio\build\uno_r4_minima\libFrameworkArduino.a(IRQManager.cpp.o)
 .text.R_BSP_IrqDisable
                0x00007fdc       0x24 .pio\build\uno_r4_minima\libFrameworkArduino.a(IRQManager.cpp.o)
 .text.__tcf_0  0x00008000        0x2 .pio\build\uno_r4_minima\libFrameworkArduino.a(IRQManager.cpp.o)
 *fill*         0x00008002        0x2 ff
 .text._ZN10IRQManager11getInstanceEv
                0x00008004       0x38 .pio\build\uno_r4_minima\libFrameworkArduino.a(IRQManager.cpp.o)
                0x00008004                IRQManager::getInstance()
 .text._ZN10IRQManager18set_ext_link_eventEii
                0x0000803c       0xc8 .pio\build\uno_r4_minima\libFrameworkArduino.a(IRQManager.cpp.o)
                0x0000803c                IRQManager::set_ext_link_event(int, int)
 .text._ZN10IRQManager23set_gpt_over_link_eventEii
                0x00008104       0x70 .pio\build\uno_r4_minima\libFrameworkArduino.a(IRQManager.cpp.o)
                0x00008104                IRQManager::set_gpt_over_link_event(int, int)
 .text._ZN10IRQManager18set_agt_link_eventEii
                0x00008174       0x28 .pio\build\uno_r4_minima\libFrameworkArduino.a(IRQManager.cpp.o)
                0x00008174                IRQManager::set_agt_link_event(int, int)
 .text._ZN10IRQManager16addTimerOverflowER5timerPFvvE
                0x0000819c       0x80 .pio\build\uno_r4_minima\libFrameworkArduino.a(IRQManager.cpp.o)
                0x0000819c                IRQManager::addTimerOverflow(timer&, void (*)())
 .text._ZN10IRQManager21set_iic_tx_link_eventEii
                0x0000821c       0x20 .pio\build\uno_r4_minima\libFrameworkArduino.a(IRQManager.cpp.o)
                0x0000821c                IRQManager::set_iic_tx_link_event(int, int)
 .text._ZN10IRQManager21set_iic_rx_link_eventEii
                0x0000823c       0x20 .pio\build\uno_r4_minima\libFrameworkArduino.a(IRQManager.cpp.o)
                0x0000823c                IRQManager::set_iic_rx_link_event(int, int)
 .text._ZN10IRQManager22set_iic_tei_link_eventEii
                0x0000825c       0x20 .pio\build\uno_r4_minima\libFrameworkArduino.a(IRQManager.cpp.o)
                0x0000825c                IRQManager::set_iic_tei_link_event(int, int)
 .text._ZN10IRQManager22set_iic_eri_link_eventEii
                0x0000827c       0x20 .pio\build\uno_r4_minima\libFrameworkArduino.a(IRQManager.cpp.o)
                0x0000827c                IRQManager::set_iic_eri_link_event(int, int)
 .text._ZN10IRQManager21set_sci_tx_link_eventEii
                0x0000829c       0x38 .pio\build\uno_r4_minima\libFrameworkArduino.a(IRQManager.cpp.o)
                0x0000829c                IRQManager::set_sci_tx_link_event(int, int)
 .text._ZN10IRQManager21set_sci_rx_link_eventEii
                0x000082d4       0x38 .pio\build\uno_r4_minima\libFrameworkArduino.a(IRQManager.cpp.o)
                0x000082d4                IRQManager::set_sci_rx_link_event(int, int)
 .text._ZN10IRQManager22set_sci_tei_link_eventEii
                0x0000830c       0x38 .pio\build\uno_r4_minima\libFrameworkArduino.a(IRQManager.cpp.o)
                0x0000830c                IRQManager::set_sci_tei_link_event(int, int)
 .text._ZN10IRQManager22set_sci_eri_link_eventEii
                0x00008344       0x38 .pio\build\uno_r4_minima\libFrameworkArduino.a(IRQManager.cpp.o)
                0x00008344                IRQManager::set_sci_eri_link_event(int, int)
 .text._ZN10IRQManager21set_spi_tx_link_eventEii
                0x0000837c       0x20 .pio\build\uno_r4_minima\libFrameworkArduino.a(IRQManager.cpp.o)
                0x0000837c                IRQManager::set_spi_tx_link_event(int, int)
 .text._ZN10IRQManager21set_spi_rx_link_eventEii
                0x0000839c       0x20 .pio\build\uno_r4_minima\libFrameworkArduino.a(IRQManager.cpp.o)
                0x0000839c                IRQManager::set_spi_rx_link_event(int, int)
 .text._ZN10IRQManager22set_spi_tei_link_eventEii
                0x000083bc       0x20 .pio\build\uno_r4_minima\libFrameworkArduino.a(IRQManager.cpp.o)
                0x000083bc                IRQManager::set_spi_tei_link_event(int, int)
 .text._ZN10IRQManager22set_spi_eri_link_eventEii
                0x000083dc       0x20 .pio\build\uno_r4_minima\libFrameworkArduino.a(IRQManager.cpp.o)
                0x000083dc                IRQManager::set_spi_eri_link_event(int, int)
 .text._ZN10IRQManager13addPeripheralE12Peripheral_tPv
                0x000083fc      0x904 .pio\build\uno_r4_minima\libFrameworkArduino.a(IRQManager.cpp.o)
                0x000083fc                IRQManager::addPeripheral(Peripheral_t, void*)
 .text._Z12goBootloaderv
                0x00008d00       0x54 .pio\build\uno_r4_minima\libFrameworkArduino.a(boot.cpp.o)
                0x00008d00                goBootloader()
 .text._prep_out_transaction
                0x00008d54       0x42 .pio\build\uno_r4_minima\libFrameworkArduino.a(cdc_device.c.o)
 *fill*         0x00008d96        0x2 ff
 .text.tud_cdc_n_connected
                0x00008d98       0x2c .pio\build\uno_r4_minima\libFrameworkArduino.a(cdc_device.c.o)
                0x00008d98                tud_cdc_n_connected
 .text.tud_cdc_n_available
                0x00008dc4       0x18 .pio\build\uno_r4_minima\libFrameworkArduino.a(cdc_device.c.o)
                0x00008dc4                tud_cdc_n_available
 .text.tud_cdc_n_read
                0x00008ddc       0x34 .pio\build\uno_r4_minima\libFrameworkArduino.a(cdc_device.c.o)
                0x00008ddc                tud_cdc_n_read
 .text.tud_cdc_n_peek
                0x00008e10       0x14 .pio\build\uno_r4_minima\libFrameworkArduino.a(cdc_device.c.o)
                0x00008e10                tud_cdc_n_peek
 .text.tud_cdc_n_write_flush
                0x00008e24       0x88 .pio\build\uno_r4_minima\libFrameworkArduino.a(cdc_device.c.o)
                0x00008e24                tud_cdc_n_write_flush
 .text.tud_cdc_n_write
                0x00008eac       0x40 .pio\build\uno_r4_minima\libFrameworkArduino.a(cdc_device.c.o)
                0x00008eac                tud_cdc_n_write
 .text.tud_cdc_n_write_available
                0x00008eec       0x18 .pio\build\uno_r4_minima\libFrameworkArduino.a(cdc_device.c.o)
                0x00008eec                tud_cdc_n_write_available
 .text.cdcd_init
                0x00008f04       0x54 .pio\build\uno_r4_minima\libFrameworkArduino.a(cdc_device.c.o)
                0x00008f04                cdcd_init
 .text.cdcd_reset
                0x00008f58       0x30 .pio\build\uno_r4_minima\libFrameworkArduino.a(cdc_device.c.o)
                0x00008f58                cdcd_reset
 .text.cdcd_open
                0x00008f88       0xa4 .pio\build\uno_r4_minima\libFrameworkArduino.a(cdc_device.c.o)
                0x00008f88                cdcd_open
 .text.cdcd_control_xfer_cb
                0x0000902c       0xbc .pio\build\uno_r4_minima\libFrameworkArduino.a(cdc_device.c.o)
                0x0000902c                cdcd_control_xfer_cb
 .text.cdcd_xfer_cb
                0x000090e8      0x100 .pio\build\uno_r4_minima\libFrameworkArduino.a(cdc_device.c.o)
                0x000090e8                cdcd_xfer_cb
 .text.advance_index
                0x000091e8       0x18 .pio\build\uno_r4_minima\libFrameworkArduino.a(tusb_fifo.c.o)
 .text._tu_fifo_peek
                0x00009200       0x4a .pio\build\uno_r4_minima\libFrameworkArduino.a(tusb_fifo.c.o)
 .text._ff_pull_const_addr
                0x0000924a       0x3c .pio\build\uno_r4_minima\libFrameworkArduino.a(tusb_fifo.c.o)
 .text._tu_fifo_peek_n
                0x00009286      0x120 .pio\build\uno_r4_minima\libFrameworkArduino.a(tusb_fifo.c.o)
 .text._ff_push_const_addr
                0x000093a6       0x36 .pio\build\uno_r4_minima\libFrameworkArduino.a(tusb_fifo.c.o)
 .text._tu_fifo_write_n.part.0
                0x000093dc      0x17e .pio\build\uno_r4_minima\libFrameworkArduino.a(tusb_fifo.c.o)
 .text.tu_fifo_config
                0x0000955a       0x2e .pio\build\uno_r4_minima\libFrameworkArduino.a(tusb_fifo.c.o)
                0x0000955a                tu_fifo_config
 .text.tu_fifo_count
                0x00009588       0x20 .pio\build\uno_r4_minima\libFrameworkArduino.a(tusb_fifo.c.o)
                0x00009588                tu_fifo_count
 .text.tu_fifo_empty
                0x000095a8        0xe .pio\build\uno_r4_minima\libFrameworkArduino.a(tusb_fifo.c.o)
                0x000095a8                tu_fifo_empty
 .text.tu_fifo_full
                0x000095b6       0x22 .pio\build\uno_r4_minima\libFrameworkArduino.a(tusb_fifo.c.o)
                0x000095b6                tu_fifo_full
 .text.tu_fifo_remaining
                0x000095d8       0x24 .pio\build\uno_r4_minima\libFrameworkArduino.a(tusb_fifo.c.o)
                0x000095d8                tu_fifo_remaining
 .text.tu_fifo_read
                0x000095fc       0x1e .pio\build\uno_r4_minima\libFrameworkArduino.a(tusb_fifo.c.o)
                0x000095fc                tu_fifo_read
 .text.tu_fifo_read_n
                0x0000961a       0x26 .pio\build\uno_r4_minima\libFrameworkArduino.a(tusb_fifo.c.o)
                0x0000961a                tu_fifo_read_n
 .text.tu_fifo_peek
                0x00009640        0x8 .pio\build\uno_r4_minima\libFrameworkArduino.a(tusb_fifo.c.o)
                0x00009640                tu_fifo_peek
 .text.tu_fifo_write
                0x00009648       0x46 .pio\build\uno_r4_minima\libFrameworkArduino.a(tusb_fifo.c.o)
                0x00009648                tu_fifo_write
 .text.tu_fifo_write_n
                0x0000968e        0xc .pio\build\uno_r4_minima\libFrameworkArduino.a(tusb_fifo.c.o)
                0x0000968e                tu_fifo_write_n
 .text.tu_fifo_clear
                0x0000969a        0xa .pio\build\uno_r4_minima\libFrameworkArduino.a(tusb_fifo.c.o)
                0x0000969a                tu_fifo_clear
 .text.tu_fifo_set_overwritable
                0x000096a4        0xc .pio\build\uno_r4_minima\libFrameworkArduino.a(tusb_fifo.c.o)
                0x000096a4                tu_fifo_set_overwritable
 .text.tu_fifo_advance_write_pointer
                0x000096b0       0x14 .pio\build\uno_r4_minima\libFrameworkArduino.a(tusb_fifo.c.o)
                0x000096b0                tu_fifo_advance_write_pointer
 .text.tu_fifo_advance_read_pointer
                0x000096c4       0x14 .pio\build\uno_r4_minima\libFrameworkArduino.a(tusb_fifo.c.o)
                0x000096c4                tu_fifo_advance_read_pointer
 .text.tu_fifo_get_read_info
                0x000096d8       0x6c .pio\build\uno_r4_minima\libFrameworkArduino.a(tusb_fifo.c.o)
                0x000096d8                tu_fifo_get_read_info
 .text.tu_fifo_get_write_info
                0x00009744       0x64 .pio\build\uno_r4_minima\libFrameworkArduino.a(tusb_fifo.c.o)
                0x00009744                tu_fifo_get_write_info
 .text.get_driver
                0x000097a8       0x38 .pio\build\uno_r4_minima\libFrameworkArduino.a(usbd.c.o)
 .text.configuration_reset
                0x000097e0       0x64 .pio\build\uno_r4_minima\libFrameworkArduino.a(usbd.c.o)
 .text.invoke_class_control.isra.1
                0x00009844       0x1c .pio\build\uno_r4_minima\libFrameworkArduino.a(usbd.c.o)
 .text.usbd_int_set
                0x00009860       0x18 .pio\build\uno_r4_minima\libFrameworkArduino.a(usbd.c.o)
                0x00009860                usbd_int_set
 .text.tud_mounted
                0x00009878       0x10 .pio\build\uno_r4_minima\libFrameworkArduino.a(usbd.c.o)
                0x00009878                tud_mounted
 .text.tud_suspended
                0x00009888       0x10 .pio\build\uno_r4_minima\libFrameworkArduino.a(usbd.c.o)
                0x00009888                tud_suspended
 .text.tud_inited
                0x00009898       0x10 .pio\build\uno_r4_minima\libFrameworkArduino.a(usbd.c.o)
                0x00009898                tud_inited
 .text.tud_init
                0x000098a8       0x90 .pio\build\uno_r4_minima\libFrameworkArduino.a(usbd.c.o)
                0x000098a8                tud_init
 .text.dcd_event_handler
                0x00009938      0x108 .pio\build\uno_r4_minima\libFrameworkArduino.a(usbd.c.o)
                0x00009938                dcd_event_handler
 .text.usbd_edpt_open
                0x00009a40       0x48 .pio\build\uno_r4_minima\libFrameworkArduino.a(usbd.c.o)
                0x00009a40                usbd_edpt_open
 .text.usbd_open_edpt_pair
                0x00009a88       0x68 .pio\build\uno_r4_minima\libFrameworkArduino.a(usbd.c.o)
                0x00009a88                usbd_open_edpt_pair
 .text.usbd_edpt_claim
                0x00009af0       0x1c .pio\build\uno_r4_minima\libFrameworkArduino.a(usbd.c.o)
                0x00009af0                usbd_edpt_claim
 .text.usbd_edpt_release
                0x00009b0c       0x1c .pio\build\uno_r4_minima\libFrameworkArduino.a(usbd.c.o)
                0x00009b0c                usbd_edpt_release
 .text.usbd_edpt_xfer
                0x00009b28       0x64 .pio\build\uno_r4_minima\libFrameworkArduino.a(usbd.c.o)
                0x00009b28                usbd_edpt_xfer
 .text.usbd_edpt_stall
                0x00009b8c       0x3c .pio\build\uno_r4_minima\libFrameworkArduino.a(usbd.c.o)
                0x00009b8c                usbd_edpt_stall
 .text.usbd_edpt_clear_stall
                0x00009bc8       0x3c .pio\build\uno_r4_minima\libFrameworkArduino.a(usbd.c.o)
                0x00009bc8                usbd_edpt_clear_stall
 .text.tud_task_ext
                0x00009c04      0x5cc .pio\build\uno_r4_minima\libFrameworkArduino.a(usbd.c.o)
                0x00009c04                tud_task_ext
 .text._data_stage_xact
                0x0000a1d0       0x54 .pio\build\uno_r4_minima\libFrameworkArduino.a(usbd_control.c.o)
 .text.tud_control_status
                0x0000a224       0x30 .pio\build\uno_r4_minima\libFrameworkArduino.a(usbd_control.c.o)
                0x0000a224                tud_control_status
 .text.tud_control_xfer
                0x0000a254       0x70 .pio\build\uno_r4_minima\libFrameworkArduino.a(usbd_control.c.o)
                0x0000a254                tud_control_xfer
 .text.usbd_control_reset
                0x0000a2c4       0x10 .pio\build\uno_r4_minima\libFrameworkArduino.a(usbd_control.c.o)
                0x0000a2c4                usbd_control_reset
 .text.usbd_control_set_complete_callback
                0x0000a2d4        0xc .pio\build\uno_r4_minima\libFrameworkArduino.a(usbd_control.c.o)
                0x0000a2d4                usbd_control_set_complete_callback
 .text.usbd_control_set_request
                0x0000a2e0       0x18 .pio\build\uno_r4_minima\libFrameworkArduino.a(usbd_control.c.o)
                0x0000a2e0                usbd_control_set_request
 .text.usbd_control_xfer_cb
                0x0000a2f8       0xd0 .pio\build\uno_r4_minima\libFrameworkArduino.a(usbd_control.c.o)
                0x0000a2f8                usbd_control_xfer_cb
 .text.pipe_write_packet.isra.0
                0x0000a3c8       0x28 .pio\build\uno_r4_minima\libFrameworkArduino.a(dcd_rusb2.c.o)
 .text.pipe_write_packet_ff.isra.2
                0x0000a3f0       0x4c .pio\build\uno_r4_minima\libFrameworkArduino.a(dcd_rusb2.c.o)
 .text.pipe0_xfer_in
                0x0000a43c       0x68 .pio\build\uno_r4_minima\libFrameworkArduino.a(dcd_rusb2.c.o)
 .text.process_pipe0_xfer
                0x0000a4a4       0x7c .pio\build\uno_r4_minima\libFrameworkArduino.a(dcd_rusb2.c.o)
 .text.pipe_xfer_in
                0x0000a520       0xd4 .pio\build\uno_r4_minima\libFrameworkArduino.a(dcd_rusb2.c.o)
 .text.process_pipe_xfer
                0x0000a5f4       0xe0 .pio\build\uno_r4_minima\libFrameworkArduino.a(dcd_rusb2.c.o)
 .text.pipe_read_packet_ff.isra.3
                0x0000a6d4       0x5a .pio\build\uno_r4_minima\libFrameworkArduino.a(dcd_rusb2.c.o)
 *fill*         0x0000a72e        0x2 ff
 .text.dcd_int_enable
                0x0000a730       0x2c .pio\build\uno_r4_minima\libFrameworkArduino.a(dcd_rusb2.c.o)
                0x0000a730                dcd_int_enable
 .text.dcd_int_disable
                0x0000a75c       0x34 .pio\build\uno_r4_minima\libFrameworkArduino.a(dcd_rusb2.c.o)
                0x0000a75c                dcd_int_disable
 .text.dcd_set_address
                0x0000a790        0x2 .pio\build\uno_r4_minima\libFrameworkArduino.a(dcd_rusb2.c.o)
                0x0000a790                dcd_set_address
 *fill*         0x0000a792        0x2 ff
 .text.dcd_connect
                0x0000a794       0x14 .pio\build\uno_r4_minima\libFrameworkArduino.a(dcd_rusb2.c.o)
                0x0000a794                dcd_connect
 .text.dcd_init
                0x0000a7a8       0x88 .pio\build\uno_r4_minima\libFrameworkArduino.a(dcd_rusb2.c.o)
                0x0000a7a8                dcd_init
 .text.dcd_disconnect
                0x0000a830       0x14 .pio\build\uno_r4_minima\libFrameworkArduino.a(dcd_rusb2.c.o)
                0x0000a830                dcd_disconnect
 .text.dcd_edpt_open
                0x0000a844      0x138 .pio\build\uno_r4_minima\libFrameworkArduino.a(dcd_rusb2.c.o)
                0x0000a844                dcd_edpt_open
 .text.dcd_edpt_close
                0x0000a97c       0x60 .pio\build\uno_r4_minima\libFrameworkArduino.a(dcd_rusb2.c.o)
                0x0000a97c                dcd_edpt_close
 .text.dcd_edpt_close_all
                0x0000a9dc       0x34 .pio\build\uno_r4_minima\libFrameworkArduino.a(dcd_rusb2.c.o)
                0x0000a9dc                dcd_edpt_close_all
 .text.dcd_edpt_xfer
                0x0000aa10       0x48 .pio\build\uno_r4_minima\libFrameworkArduino.a(dcd_rusb2.c.o)
                0x0000aa10                dcd_edpt_xfer
 .text.dcd_edpt_stall
                0x0000aa58       0x58 .pio\build\uno_r4_minima\libFrameworkArduino.a(dcd_rusb2.c.o)
                0x0000aa58                dcd_edpt_stall
 .text.dcd_edpt_clear_stall
                0x0000aab0       0x74 .pio\build\uno_r4_minima\libFrameworkArduino.a(dcd_rusb2.c.o)
                0x0000aab0                dcd_edpt_clear_stall
 .text.dcd_int_handler
                0x0000ab24      0x4bc .pio\build\uno_r4_minima\libFrameworkArduino.a(dcd_rusb2.c.o)
                0x0000ab24                dcd_int_handler
 .text.tusb_rusb2_set_irqnum
                0x0000afe0       0x10 .pio\build\uno_r4_minima\libFrameworkArduino.a(rusb2_common.c.o)
                0x0000afe0                tusb_rusb2_set_irqnum
 .text.tusb_inited
                0x0000aff0        0x4 .pio\build\uno_r4_minima\libFrameworkArduino.a(tusb.c.o)
                0x0000aff0                tusb_inited
 .text.tu_edpt_claim
                0x0000aff4       0x2e .pio\build\uno_r4_minima\libFrameworkArduino.a(tusb.c.o)
                0x0000aff4                tu_edpt_claim
 .text.tu_edpt_release
                0x0000b022       0x20 .pio\build\uno_r4_minima\libFrameworkArduino.a(tusb.c.o)
                0x0000b022                tu_edpt_release
 *fill*         0x0000b042        0x2 ff
 .text.tu_edpt_validate
                0x0000b044       0x60 .pio\build\uno_r4_minima\libFrameworkArduino.a(tusb.c.o)
                0x0000b044                tu_edpt_validate
 .text.tu_edpt_bind_driver
                0x0000b0a4       0x24 .pio\build\uno_r4_minima\libFrameworkArduino.a(tusb.c.o)
                0x0000b0a4                tu_edpt_bind_driver
 .text.dfu_rtd_init
                0x0000b0c8        0x2 .pio\build\uno_r4_minima\libFrameworkArduino.a(dfu_rt_device.c.o)
                0x0000b0c8                dfu_rtd_init
 .text.dfu_rtd_reset
                0x0000b0ca        0x2 .pio\build\uno_r4_minima\libFrameworkArduino.a(dfu_rt_device.c.o)
                0x0000b0ca                dfu_rtd_reset
 .text.dfu_rtd_open
                0x0000b0cc       0x24 .pio\build\uno_r4_minima\libFrameworkArduino.a(dfu_rt_device.c.o)
                0x0000b0cc                dfu_rtd_open
 .text.dfu_rtd_control_xfer_cb
                0x0000b0f0       0x64 .pio\build\uno_r4_minima\libFrameworkArduino.a(dfu_rt_device.c.o)
                0x0000b0f0                dfu_rtd_control_xfer_cb
 .text.hidd_reset
                0x0000b154       0x10 .pio\build\uno_r4_minima\libFrameworkArduino.a(hid_device.c.o)
                0x0000b154                hidd_reset
 .text.hidd_init
                0x0000b164        0x6 .pio\build\uno_r4_minima\libFrameworkArduino.a(hid_device.c.o)
                0x0000b164                hidd_init
 *fill*         0x0000b16a        0x2 ff
 .text.hidd_open
                0x0000b16c       0xc4 .pio\build\uno_r4_minima\libFrameworkArduino.a(hid_device.c.o)
                0x0000b16c                hidd_open
 .text.hidd_control_xfer_cb
                0x0000b230      0x1e0 .pio\build\uno_r4_minima\libFrameworkArduino.a(hid_device.c.o)
                0x0000b230                hidd_control_xfer_cb
 .text.hidd_xfer_cb
                0x0000b410       0x7c .pio\build\uno_r4_minima\libFrameworkArduino.a(hid_device.c.o)
                0x0000b410                hidd_xfer_cb
 .text.R_WDT_Open
                0x0000b48c       0x58 C:\Users\willi\.platformio\packages\framework-arduinorenesas-uno\variants\MINIMA\libs\libfsp.a(r_wdt.o)
                0x0000b48c                R_WDT_Open
 .text.R_WDT_Refresh
                0x0000b4e4       0x10 C:\Users\willi\.platformio\packages\framework-arduinorenesas-uno\variants\MINIMA\libs\libfsp.a(r_wdt.o)
                0x0000b4e4                R_WDT_Refresh
 .text.r_spi_call_callback
                0x0000b4f4       0x40 C:\Users\willi\.platformio\packages\framework-arduinorenesas-uno\variants\MINIMA\libs\libfsp.a(r_spi.o)
 .text.spi_rxi_isr
                0x0000b534       0x9c C:\Users\willi\.platformio\packages\framework-arduinorenesas-uno\variants\MINIMA\libs\libfsp.a(r_spi.o)
                0x0000b534                spi_rxi_isr
 .text.spi_txi_isr
                0x0000b5d0       0xd8 C:\Users\willi\.platformio\packages\framework-arduinorenesas-uno\variants\MINIMA\libs\libfsp.a(r_spi.o)
                0x0000b5d0                spi_txi_isr
 .text.spi_tei_isr
                0x0000b6a8       0xe0 C:\Users\willi\.platformio\packages\framework-arduinorenesas-uno\variants\MINIMA\libs\libfsp.a(r_spi.o)
                0x0000b6a8                spi_tei_isr
 .text.spi_eri_isr
                0x0000b788       0xdc C:\Users\willi\.platformio\packages\framework-arduinorenesas-uno\variants\MINIMA\libs\libfsp.a(r_spi.o)
                0x0000b788                spi_eri_isr
 .text.r_sci_uart_call_callback
                0x0000b864       0x44 C:\Users\willi\.platformio\packages\framework-arduinorenesas-uno\variants\MINIMA\libs\libfsp.a(r_sci_uart.o)
 .text.sci_uart_txi_isr
                0x0000b8a8       0xec C:\Users\willi\.platformio\packages\framework-arduinorenesas-uno\variants\MINIMA\libs\libfsp.a(r_sci_uart.o)
                0x0000b8a8                sci_uart_txi_isr
 .text.sci_uart_rxi_isr
                0x0000b994      0x184 C:\Users\willi\.platformio\packages\framework-arduinorenesas-uno\variants\MINIMA\libs\libfsp.a(r_sci_uart.o)
                0x0000b994                sci_uart_rxi_isr
 .text.sci_uart_tei_isr
                0x0000bb18       0x40 C:\Users\willi\.platformio\packages\framework-arduinorenesas-uno\variants\MINIMA\libs\libfsp.a(r_sci_uart.o)
                0x0000bb18                sci_uart_tei_isr
 .text.sci_uart_eri_isr
                0x0000bb58       0x78 C:\Users\willi\.platformio\packages\framework-arduinorenesas-uno\variants\MINIMA\libs\libfsp.a(r_sci_uart.o)
                0x0000bb58                sci_uart_eri_isr
 .text.r_sci_spi_call_callback
                0x0000bbd0       0x40 C:\Users\willi\.platformio\packages\framework-arduinorenesas-uno\variants\MINIMA\libs\libfsp.a(r_sci_spi.o)
 .text.sci_spi_txi_isr
                0x0000bc10       0x68 C:\Users\willi\.platformio\packages\framework-arduinorenesas-uno\variants\MINIMA\libs\libfsp.a(r_sci_spi.o)
                0x0000bc10                sci_spi_txi_isr
 .text.sci_spi_rxi_isr
                0x0000bc78       0x74 C:\Users\willi\.platformio\packages\framework-arduinorenesas-uno\variants\MINIMA\libs\libfsp.a(r_sci_spi.o)
                0x0000bc78                sci_spi_rxi_isr
 .text.sci_spi_tei_isr
                0x0000bcec       0x3c C:\Users\willi\.platformio\packages\framework-arduinorenesas-uno\variants\MINIMA\libs\libfsp.a(r_sci_spi.o)
                0x0000bcec                sci_spi_tei_isr
 .text.sci_spi_eri_isr
                0x0000bd28       0x44 C:\Users\willi\.platformio\packages\framework-arduinorenesas-uno\variants\MINIMA\libs\libfsp.a(r_sci_spi.o)
                0x0000bd28                sci_spi_eri_isr
 .text.R_SCI_I2C_Abort
                0x0000bd6c       0x20 C:\Users\willi\.platformio\packages\framework-arduinorenesas-uno\variants\MINIMA\libs\libfsp.a(r_sci_i2c.o)
                0x0000bd6c                R_SCI_I2C_Abort
 .text.R_SCI_I2C_SlaveAddressSet
                0x0000bd8c        0x8 C:\Users\willi\.platformio\packages\framework-arduinorenesas-uno\variants\MINIMA\libs\libfsp.a(r_sci_i2c.o)
                0x0000bd8c                R_SCI_I2C_SlaveAddressSet
 .text.R_SCI_I2C_CallbackSet
                0x0000bd94        0xc C:\Users\willi\.platformio\packages\framework-arduinorenesas-uno\variants\MINIMA\libs\libfsp.a(r_sci_i2c.o)
                0x0000bd94                R_SCI_I2C_CallbackSet
 .text.R_SCI_I2C_StatusGet
                0x0000bda0       0x18 C:\Users\willi\.platformio\packages\framework-arduinorenesas-uno\variants\MINIMA\libs\libfsp.a(r_sci_i2c.o)
                0x0000bda0                R_SCI_I2C_StatusGet
 .text.R_SCI_I2C_Close
                0x0000bdb8       0x70 C:\Users\willi\.platformio\packages\framework-arduinorenesas-uno\variants\MINIMA\libs\libfsp.a(r_sci_i2c.o)
                0x0000bdb8                R_SCI_I2C_Close
 .text.sci_i2c_enable_transfer_support_tx
                0x0000be28       0x34 C:\Users\willi\.platformio\packages\framework-arduinorenesas-uno\variants\MINIMA\libs\libfsp.a(r_sci_i2c.o)
 .text.R_SCI_I2C_Write
                0x0000be5c       0xec C:\Users\willi\.platformio\packages\framework-arduinorenesas-uno\variants\MINIMA\libs\libfsp.a(r_sci_i2c.o)
                0x0000be5c                R_SCI_I2C_Write
 .text.R_SCI_I2C_Read
                0x0000bf48       0xf0 C:\Users\willi\.platformio\packages\framework-arduinorenesas-uno\variants\MINIMA\libs\libfsp.a(r_sci_i2c.o)
                0x0000bf48                R_SCI_I2C_Read
 .text.R_SCI_I2C_Open
                0x0000c038      0x220 C:\Users\willi\.platformio\packages\framework-arduinorenesas-uno\variants\MINIMA\libs\libfsp.a(r_sci_i2c.o)
                0x0000c038                R_SCI_I2C_Open
 .text.sci_i2c_notify
                0x0000c258       0x64 C:\Users\willi\.platformio\packages\framework-arduinorenesas-uno\variants\MINIMA\libs\libfsp.a(r_sci_i2c.o)
                0x0000c258                sci_i2c_notify
 .text.sci_i2c_rxi_isr
                0x0000c2bc       0x20 C:\Users\willi\.platformio\packages\framework-arduinorenesas-uno\variants\MINIMA\libs\libfsp.a(r_sci_i2c.o)
                0x0000c2bc                sci_i2c_rxi_isr
 .text.sci_i2c_txi_isr
                0x0000c2dc      0x198 C:\Users\willi\.platformio\packages\framework-arduinorenesas-uno\variants\MINIMA\libs\libfsp.a(r_sci_i2c.o)
                0x0000c2dc                sci_i2c_txi_isr
 .text.sci_i2c_tei_isr
                0x0000c474       0xf0 C:\Users\willi\.platformio\packages\framework-arduinorenesas-uno\variants\MINIMA\libs\libfsp.a(r_sci_i2c.o)
                0x0000c474                sci_i2c_tei_isr
 .text.rtc_alarm_periodic_isr
                0x0000c564       0x68 C:\Users\willi\.platformio\packages\framework-arduinorenesas-uno\variants\MINIMA\libs\libfsp.a(r_rtc.o)
                0x0000c564                rtc_alarm_periodic_isr
 .text.rtc_carry_isr
                0x0000c5cc       0x2c C:\Users\willi\.platformio\packages\framework-arduinorenesas-uno\variants\MINIMA\libs\libfsp.a(r_rtc.o)
                0x0000c5cc                rtc_carry_isr
 .text.R_IOPORT_PinRead
                0x0000c5f8       0x1c C:\Users\willi\.platformio\packages\framework-arduinorenesas-uno\variants\MINIMA\libs\libfsp.a(r_ioport.o)
                0x0000c5f8                R_IOPORT_PinRead
 .text.R_IOPORT_PinWrite
                0x0000c614       0x20 C:\Users\willi\.platformio\packages\framework-arduinorenesas-uno\variants\MINIMA\libs\libfsp.a(r_ioport.o)
                0x0000c614                R_IOPORT_PinWrite
 .text.bsp_vbatt_init
                0x0000c634       0xac C:\Users\willi\.platformio\packages\framework-arduinorenesas-uno\variants\MINIMA\libs\libfsp.a(r_ioport.o)
 .text.R_IOPORT_PinCfg
                0x0000c6e0       0xa8 C:\Users\willi\.platformio\packages\framework-arduinorenesas-uno\variants\MINIMA\libs\libfsp.a(r_ioport.o)
                0x0000c6e0                R_IOPORT_PinCfg
 .text.R_IIC_SLAVE_Read
                0x0000c788       0x38 C:\Users\willi\.platformio\packages\framework-arduinorenesas-uno\variants\MINIMA\libs\libfsp.a(r_iic_slave.o)
                0x0000c788                R_IIC_SLAVE_Read
 .text.R_IIC_SLAVE_Write
                0x0000c7c0       0x34 C:\Users\willi\.platformio\packages\framework-arduinorenesas-uno\variants\MINIMA\libs\libfsp.a(r_iic_slave.o)
                0x0000c7c0                R_IIC_SLAVE_Write
 .text.R_IIC_SLAVE_CallbackSet
                0x0000c7f4        0xc C:\Users\willi\.platformio\packages\framework-arduinorenesas-uno\variants\MINIMA\libs\libfsp.a(r_iic_slave.o)
                0x0000c7f4                R_IIC_SLAVE_CallbackSet
 .text.R_IIC_SLAVE_Close
                0x0000c800       0xcc C:\Users\willi\.platformio\packages\framework-arduinorenesas-uno\variants\MINIMA\libs\libfsp.a(r_iic_slave.o)
                0x0000c800                R_IIC_SLAVE_Close
 .text.r_iic_slave_call_callback
                0x0000c8cc       0x3c C:\Users\willi\.platformio\packages\framework-arduinorenesas-uno\variants\MINIMA\libs\libfsp.a(r_iic_slave.o)
 .text.iic_slave_initiate_transaction
                0x0000c908       0x74 C:\Users\willi\.platformio\packages\framework-arduinorenesas-uno\variants\MINIMA\libs\libfsp.a(r_iic_slave.o)
 .text.R_IIC_SLAVE_Open
                0x0000c97c      0x228 C:\Users\willi\.platformio\packages\framework-arduinorenesas-uno\variants\MINIMA\libs\libfsp.a(r_iic_slave.o)
                0x0000c97c                R_IIC_SLAVE_Open
 .text.iic_slave_rxi_isr
                0x0000cba4      0x12c C:\Users\willi\.platformio\packages\framework-arduinorenesas-uno\variants\MINIMA\libs\libfsp.a(r_iic_slave.o)
                0x0000cba4                iic_slave_rxi_isr
 .text.iic_slave_txi_isr
                0x0000ccd0       0xa8 C:\Users\willi\.platformio\packages\framework-arduinorenesas-uno\variants\MINIMA\libs\libfsp.a(r_iic_slave.o)
                0x0000ccd0                iic_slave_txi_isr
 .text.iic_slave_tei_isr
                0x0000cd78       0x94 C:\Users\willi\.platformio\packages\framework-arduinorenesas-uno\variants\MINIMA\libs\libfsp.a(r_iic_slave.o)
                0x0000cd78                iic_slave_tei_isr
 .text.iic_slave_eri_isr
                0x0000ce0c      0x10c C:\Users\willi\.platformio\packages\framework-arduinorenesas-uno\variants\MINIMA\libs\libfsp.a(r_iic_slave.o)
                0x0000ce0c                iic_slave_eri_isr
 .text.R_IIC_MASTER_SlaveAddressSet
                0x0000cf18        0x8 C:\Users\willi\.platformio\packages\framework-arduinorenesas-uno\variants\MINIMA\libs\libfsp.a(r_iic_master.o)
                0x0000cf18                R_IIC_MASTER_SlaveAddressSet
 .text.R_IIC_MASTER_CallbackSet
                0x0000cf20        0xc C:\Users\willi\.platformio\packages\framework-arduinorenesas-uno\variants\MINIMA\libs\libfsp.a(r_iic_master.o)
                0x0000cf20                R_IIC_MASTER_CallbackSet
 .text.R_IIC_MASTER_StatusGet
                0x0000cf2c       0x18 C:\Users\willi\.platformio\packages\framework-arduinorenesas-uno\variants\MINIMA\libs\libfsp.a(r_iic_master.o)
                0x0000cf2c                R_IIC_MASTER_StatusGet
 .text.iic_master_notify
                0x0000cf44       0x3c C:\Users\willi\.platformio\packages\framework-arduinorenesas-uno\variants\MINIMA\libs\libfsp.a(r_iic_master.o)
 .text.iic_master_run_hw_master
                0x0000cf80       0xd8 C:\Users\willi\.platformio\packages\framework-arduinorenesas-uno\variants\MINIMA\libs\libfsp.a(r_iic_master.o)
 .text.R_IIC_MASTER_Read
                0x0000d058       0x34 C:\Users\willi\.platformio\packages\framework-arduinorenesas-uno\variants\MINIMA\libs\libfsp.a(r_iic_master.o)
                0x0000d058                R_IIC_MASTER_Read
 .text.R_IIC_MASTER_Write
                0x0000d08c       0x30 C:\Users\willi\.platformio\packages\framework-arduinorenesas-uno\variants\MINIMA\libs\libfsp.a(r_iic_master.o)
                0x0000d08c                R_IIC_MASTER_Write
 .text.iic_master_open_hw_master
                0x0000d0bc      0x184 C:\Users\willi\.platformio\packages\framework-arduinorenesas-uno\variants\MINIMA\libs\libfsp.a(r_iic_master.o)
 .text.R_IIC_MASTER_Open
                0x0000d240       0x7c C:\Users\willi\.platformio\packages\framework-arduinorenesas-uno\variants\MINIMA\libs\libfsp.a(r_iic_master.o)
                0x0000d240                R_IIC_MASTER_Open
 .text.R_IIC_MASTER_Abort
                0x0000d2bc       0x4c C:\Users\willi\.platformio\packages\framework-arduinorenesas-uno\variants\MINIMA\libs\libfsp.a(r_iic_master.o)
                0x0000d2bc                R_IIC_MASTER_Abort
 .text.R_IIC_MASTER_Close
                0x0000d308      0x104 C:\Users\willi\.platformio\packages\framework-arduinorenesas-uno\variants\MINIMA\libs\libfsp.a(r_iic_master.o)
                0x0000d308                R_IIC_MASTER_Close
 .text.iic_master_rxi_isr
                0x0000d40c      0x13c C:\Users\willi\.platformio\packages\framework-arduinorenesas-uno\variants\MINIMA\libs\libfsp.a(r_iic_master.o)
                0x0000d40c                iic_master_rxi_isr
 .text.iic_master_txi_isr
                0x0000d548       0xec C:\Users\willi\.platformio\packages\framework-arduinorenesas-uno\variants\MINIMA\libs\libfsp.a(r_iic_master.o)
                0x0000d548                iic_master_txi_isr
 .text.iic_master_tei_isr
                0x0000d634       0xc4 C:\Users\willi\.platformio\packages\framework-arduinorenesas-uno\variants\MINIMA\libs\libfsp.a(r_iic_master.o)
                0x0000d634                iic_master_tei_isr
 .text.iic_master_eri_isr
                0x0000d6f8      0x140 C:\Users\willi\.platformio\packages\framework-arduinorenesas-uno\variants\MINIMA\libs\libfsp.a(r_iic_master.o)
                0x0000d6f8                iic_master_eri_isr
 .text.r_icu_isr
                0x0000d838       0x6c C:\Users\willi\.platformio\packages\framework-arduinorenesas-uno\variants\MINIMA\libs\libfsp.a(r_icu.o)
                0x0000d838                r_icu_isr
 .text.R_GPT_Stop
                0x0000d8a4        0xc C:\Users\willi\.platformio\packages\framework-arduinorenesas-uno\variants\MINIMA\libs\libfsp.a(r_gpt.o)
                0x0000d8a4                R_GPT_Stop
 .text.R_GPT_Start
                0x0000d8b0        0xc C:\Users\willi\.platformio\packages\framework-arduinorenesas-uno\variants\MINIMA\libs\libfsp.a(r_gpt.o)
                0x0000d8b0                R_GPT_Start
 .text.R_GPT_Enable
                0x0000d8bc       0x30 C:\Users\willi\.platformio\packages\framework-arduinorenesas-uno\variants\MINIMA\libs\libfsp.a(r_gpt.o)
                0x0000d8bc                R_GPT_Enable
 .text.r_gpt_enable_irq
                0x0000d8ec       0x5c C:\Users\willi\.platformio\packages\framework-arduinorenesas-uno\variants\MINIMA\libs\libfsp.a(r_gpt.o)
 .text.r_gpt_call_callback
                0x0000d948       0x3c C:\Users\willi\.platformio\packages\framework-arduinorenesas-uno\variants\MINIMA\libs\libfsp.a(r_gpt.o)
 .text.gpt_calculate_duty_cycle.isra.0
                0x0000d984       0x78 C:\Users\willi\.platformio\packages\framework-arduinorenesas-uno\variants\MINIMA\libs\libfsp.a(r_gpt.o)
 .text.R_GPT_Open
                0x0000d9fc      0x264 C:\Users\willi\.platformio\packages\framework-arduinorenesas-uno\variants\MINIMA\libs\libfsp.a(r_gpt.o)
                0x0000d9fc                R_GPT_Open
 .text.R_GPT_Close
                0x0000dc60       0xd4 C:\Users\willi\.platformio\packages\framework-arduinorenesas-uno\variants\MINIMA\libs\libfsp.a(r_gpt.o)
                0x0000dc60                R_GPT_Close
 .text.gpt_counter_overflow_isr
                0x0000dd34       0x78 C:\Users\willi\.platformio\packages\framework-arduinorenesas-uno\variants\MINIMA\libs\libfsp.a(r_gpt.o)
                0x0000dd34                gpt_counter_overflow_isr
 .text.R_DAC_Open
                0x0000ddac       0x88 C:\Users\willi\.platformio\packages\framework-arduinorenesas-uno\variants\MINIMA\libs\libfsp.a(r_dac.o)
                0x0000ddac                R_DAC_Open
 .text.R_DAC_Write
                0x0000de34        0xc C:\Users\willi\.platformio\packages\framework-arduinorenesas-uno\variants\MINIMA\libs\libfsp.a(r_dac.o)
                0x0000de34                R_DAC_Write
 .text.R_DAC_Start
                0x0000de40       0x30 C:\Users\willi\.platformio\packages\framework-arduinorenesas-uno\variants\MINIMA\libs\libfsp.a(r_dac.o)
                0x0000de40                R_DAC_Start
 .text.R_DAC_Stop
                0x0000de70       0x34 C:\Users\willi\.platformio\packages\framework-arduinorenesas-uno\variants\MINIMA\libs\libfsp.a(r_dac.o)
                0x0000de70                R_DAC_Stop
 .text.R_DAC_Close
                0x0000dea4       0x40 C:\Users\willi\.platformio\packages\framework-arduinorenesas-uno\variants\MINIMA\libs\libfsp.a(r_dac.o)
                0x0000dea4                R_DAC_Close
 .text.r_can_call_callback
                0x0000dee4       0x68 C:\Users\willi\.platformio\packages\framework-arduinorenesas-uno\variants\MINIMA\libs\libfsp.a(r_can.o)
 .text.can_error_isr
                0x0000df4c       0xd4 C:\Users\willi\.platformio\packages\framework-arduinorenesas-uno\variants\MINIMA\libs\libfsp.a(r_can.o)
                0x0000df4c                can_error_isr
 .text.can_rx_isr
                0x0000e020      0x118 C:\Users\willi\.platformio\packages\framework-arduinorenesas-uno\variants\MINIMA\libs\libfsp.a(r_can.o)
                0x0000e020                can_rx_isr
 .text.can_tx_isr
                0x0000e138       0xa0 C:\Users\willi\.platformio\packages\framework-arduinorenesas-uno\variants\MINIMA\libs\libfsp.a(r_can.o)
                0x0000e138                can_tx_isr
 .text.R_AGT_Start
                0x0000e1d8       0x38 C:\Users\willi\.platformio\packages\framework-arduinorenesas-uno\variants\MINIMA\libs\libfsp.a(r_agt.o)
                0x0000e1d8                R_AGT_Start
 .text.R_AGT_Stop
                0x0000e210       0x1c C:\Users\willi\.platformio\packages\framework-arduinorenesas-uno\variants\MINIMA\libs\libfsp.a(r_agt.o)
                0x0000e210                R_AGT_Stop
 .text.R_AGT_Enable
                0x0000e22c       0x14 C:\Users\willi\.platformio\packages\framework-arduinorenesas-uno\variants\MINIMA\libs\libfsp.a(r_agt.o)
                0x0000e22c                R_AGT_Enable
 .text.R_AGT_Close
                0x0000e240       0x84 C:\Users\willi\.platformio\packages\framework-arduinorenesas-uno\variants\MINIMA\libs\libfsp.a(r_agt.o)
                0x0000e240                R_AGT_Close
 .text.R_AGT_Open
                0x0000e2c4      0x118 C:\Users\willi\.platformio\packages\framework-arduinorenesas-uno\variants\MINIMA\libs\libfsp.a(r_agt.o)
                0x0000e2c4                R_AGT_Open
 .text.agt_int_isr
                0x0000e3dc       0x88 C:\Users\willi\.platformio\packages\framework-arduinorenesas-uno\variants\MINIMA\libs\libfsp.a(r_agt.o)
                0x0000e3dc                agt_int_isr
 .text.R_ADC_ScanStart
                0x0000e464        0xc C:\Users\willi\.platformio\packages\framework-arduinorenesas-uno\variants\MINIMA\libs\libfsp.a(r_adc.o)
                0x0000e464                R_ADC_ScanStart
 .text.R_ADC_StatusGet
                0x0000e470       0x10 C:\Users\willi\.platformio\packages\framework-arduinorenesas-uno\variants\MINIMA\libs\libfsp.a(r_adc.o)
                0x0000e470                R_ADC_StatusGet
 .text.R_ADC_Read
                0x0000e480       0x10 C:\Users\willi\.platformio\packages\framework-arduinorenesas-uno\variants\MINIMA\libs\libfsp.a(r_adc.o)
                0x0000e480                R_ADC_Read
 .text.R_ADC_ScanCfg
                0x0000e490      0x1a0 C:\Users\willi\.platformio\packages\framework-arduinorenesas-uno\variants\MINIMA\libs\libfsp.a(r_adc.o)
                0x0000e490                R_ADC_ScanCfg
 .text.R_ADC_Open
                0x0000e630      0x240 C:\Users\willi\.platformio\packages\framework-arduinorenesas-uno\variants\MINIMA\libs\libfsp.a(r_adc.o)
                0x0000e630                R_ADC_Open
 .text.R_ADC_Close
                0x0000e870       0xfc C:\Users\willi\.platformio\packages\framework-arduinorenesas-uno\variants\MINIMA\libs\libfsp.a(r_adc.o)
                0x0000e870                R_ADC_Close
 .text.bsp_prv_software_delay_loop
                0x0000e96c        0xc C:\Users\willi\.platformio\packages\framework-arduinorenesas-uno\variants\MINIMA\libs\libfsp.a(bsp_delay.o)
                0x0000e96c                bsp_prv_software_delay_loop
 .text.R_BSP_SoftwareDelay
                0x0000e978       0x5c C:\Users\willi\.platformio\packages\framework-arduinorenesas-uno\variants\MINIMA\libs\libfsp.a(bsp_delay.o)
                0x0000e978                R_BSP_SoftwareDelay
 .text.bsp_irq_cfg
                0x0000e9d4       0x2c C:\Users\willi\.platformio\packages\framework-arduinorenesas-uno\variants\MINIMA\libs\libfsp.a(bsp_irq.o)
                0x0000e9d4                bsp_irq_cfg
 .text.R_BSP_RegisterProtectEnable
                0x0000ea00       0x60 C:\Users\willi\.platformio\packages\framework-arduinorenesas-uno\variants\MINIMA\libs\libfsp.a(bsp_register_protection.o)
                0x0000ea00                R_BSP_RegisterProtectEnable
 .text.R_BSP_RegisterProtectDisable
                0x0000ea60       0x54 C:\Users\willi\.platformio\packages\framework-arduinorenesas-uno\variants\MINIMA\libs\libfsp.a(bsp_register_protection.o)
                0x0000ea60                R_BSP_RegisterProtectDisable
 .text.Default_Handler
                0x0000eab4        0x4 C:\Users\willi\.platformio\packages\framework-arduinorenesas-uno\variants\MINIMA\libs\libfsp.a(startup.o)
                0x0000eab4                DebugMon_Handler
                0x0000eab4                HardFault_Handler
                0x0000eab4                SysTick_Handler
                0x0000eab4                PendSV_Handler
                0x0000eab4                UsageFault_Handler
                0x0000eab4                SecureFault_Handler
                0x0000eab4                Default_Handler
                0x0000eab4                MemManage_Handler
                0x0000eab4                SVC_Handler
                0x0000eab4                BusFault_Handler
 .text.Reset_Handler
                0x0000eab8        0xc C:\Users\willi\.platformio\packages\framework-arduinorenesas-uno\variants\MINIMA\libs\libfsp.a(startup.o)
                0x0000eab8                Reset_Handler
 .text.R_BSP_WarmStart
                0x0000eac4        0x4 C:\Users\willi\.platformio\packages\framework-arduinorenesas-uno\variants\MINIMA\libs\libfsp.a(system.o)
                0x0000eac4                R_BSP_WarmStart
 .text.SystemInit
                0x0000eac8      0x15c C:\Users\willi\.platformio\packages\framework-arduinorenesas-uno\variants\MINIMA\libs\libfsp.a(system.o)
                0x0000eac8                SystemInit
 .text.SystemCoreClockUpdate
                0x0000ec24       0x28 C:\Users\willi\.platformio\packages\framework-arduinorenesas-uno\variants\MINIMA\libs\libfsp.a(bsp_clocks.o)
                0x0000ec24                SystemCoreClockUpdate
 .text.bsp_clock_init
                0x0000ec4c      0x12c C:\Users\willi\.platformio\packages\framework-arduinorenesas-uno\variants\MINIMA\libs\libfsp.a(bsp_clocks.o)
                0x0000ec4c                bsp_clock_init
 .text.bsp_init_internal
                0x0000ed78        0x4 C:\Users\willi\.platformio\packages\framework-arduinorenesas-uno\variants\MINIMA\libs\libfsp.a(bsp_common.o)
                0x0000ed78                bsp_init_internal
                0x0000ed78                bsp_init
 .text.NMI_Handler
                0x0000ed7c       0x38 C:\Users\willi\.platformio\packages\framework-arduinorenesas-uno\variants\MINIMA\libs\libfsp.a(bsp_group_irq.o)
                0x0000ed7c                NMI_Handler
 .text._Znwj    0x0000edb4       0x22 c:/users/willi/.platformio/packages/toolchain-gccarmnoneeabi/bin/../lib/gcc/arm-none-eabi/7.2.1/../../../../arm-none-eabi/lib/thumb/v7e-m/fpv4-sp/hard\libstdc++_nano.a(new_op.o)
                0x0000edb4                operator new(unsigned int)
 .text.__cxa_guard_acquire
                0x0000edd6       0x18 c:/users/willi/.platformio/packages/toolchain-gccarmnoneeabi/bin/../lib/gcc/arm-none-eabi/7.2.1/../../../../arm-none-eabi/lib/thumb/v7e-m/fpv4-sp/hard\libstdc++_nano.a(guard.o)
                0x0000edd6                __cxa_guard_acquire
 .text.__cxa_guard_release
                0x0000edee        0x6 c:/users/willi/.platformio/packages/toolchain-gccarmnoneeabi/bin/../lib/gcc/arm-none-eabi/7.2.1/../../../../arm-none-eabi/lib/thumb/v7e-m/fpv4-sp/hard\libstdc++_nano.a(guard.o)
                0x0000edee                __cxa_guard_release
 .text._ZdlPv   0x0000edf4        0x4 c:/users/willi/.platformio/packages/toolchain-gccarmnoneeabi/bin/../lib/gcc/arm-none-eabi/7.2.1/../../../../arm-none-eabi/lib/thumb/v7e-m/fpv4-sp/hard\libstdc++_nano.a(del_op.o)
                0x0000edf4                operator delete(void*)
 .text._ZSt15get_new_handlerv
                0x0000edf8       0x10 c:/users/willi/.platformio/packages/toolchain-gccarmnoneeabi/bin/../lib/gcc/arm-none-eabi/7.2.1/../../../../arm-none-eabi/lib/thumb/v7e-m/fpv4-sp/hard\libstdc++_nano.a(new_handler.o)
                0x0000edf8                std::get_new_handler()
 .text._ZdlPvj  0x0000ee08        0x4 c:/users/willi/.platformio/packages/toolchain-gccarmnoneeabi/bin/../lib/gcc/arm-none-eabi/7.2.1/../../../../arm-none-eabi/lib/thumb/v7e-m/fpv4-sp/hard\libstdc++_nano.a(del_ops.o)
                0x0000ee08                operator delete(void*, unsigned int)
 .text._ZSt20__throw_length_errorPKc
                0x0000ee0c        0x6 c:/users/willi/.platformio/packages/toolchain-gccarmnoneeabi/bin/../lib/gcc/arm-none-eabi/7.2.1/../../../../arm-none-eabi/lib/thumb/v7e-m/fpv4-sp/hard\libstdc++_nano.a(functexcept.o)
                0x0000ee0c                std::__throw_length_error(char const*)
 *fill*         0x0000ee12        0x2 ff
 .text          0x0000ee14      0x378 c:/users/willi/.platformio/packages/toolchain-gccarmnoneeabi/bin/../lib/gcc/arm-none-eabi/7.2.1/thumb/v7e-m/fpv4-sp/hard\libgcc.a(_arm_addsubdf3.o)
                0x0000ee14                __aeabi_drsub
                0x0000ee1c                __aeabi_dsub
                0x0000ee1c                __subdf3
                0x0000ee20                __aeabi_dadd
                0x0000ee20                __adddf3
                0x0000f098                __floatunsidf
                0x0000f098                __aeabi_ui2d
                0x0000f0b8                __floatsidf
                0x0000f0b8                __aeabi_i2d
                0x0000f0dc                __aeabi_f2d
                0x0000f0dc                __extendsfdf2
                0x0000f120                __floatundidf
                0x0000f120                __aeabi_ul2d
                0x0000f130                __floatdidf
                0x0000f130                __aeabi_l2d
 .text          0x0000f18c      0x424 c:/users/willi/.platformio/packages/toolchain-gccarmnoneeabi/bin/../lib/gcc/arm-none-eabi/7.2.1/thumb/v7e-m/fpv4-sp/hard\libgcc.a(_arm_muldivdf3.o)
                0x0000f18c                __aeabi_dmul
                0x0000f18c                __muldf3
                0x0000f3e0                __divdf3
                0x0000f3e0                __aeabi_ddiv
 .text          0x0000f5b0      0x110 c:/users/willi/.platformio/packages/toolchain-gccarmnoneeabi/bin/../lib/gcc/arm-none-eabi/7.2.1/thumb/v7e-m/fpv4-sp/hard\libgcc.a(_arm_cmpdf2.o)
                0x0000f5b0                __gtdf2
                0x0000f5b0                __gedf2
                0x0000f5b8                __ltdf2
                0x0000f5b8                __ledf2
                0x0000f5c0                __nedf2
                0x0000f5c0                __eqdf2
                0x0000f5c0                __cmpdf2
                0x0000f63c                __aeabi_cdrcmple
                0x0000f64c                __aeabi_cdcmpeq
                0x0000f64c                __aeabi_cdcmple
                0x0000f65c                __aeabi_dcmpeq
                0x0000f670                __aeabi_dcmplt
                0x0000f684                __aeabi_dcmple
                0x0000f698                __aeabi_dcmpge
                0x0000f6ac                __aeabi_dcmpgt
 .text          0x0000f6c0       0x40 c:/users/willi/.platformio/packages/toolchain-gccarmnoneeabi/bin/../lib/gcc/arm-none-eabi/7.2.1/thumb/v7e-m/fpv4-sp/hard\libgcc.a(_arm_fixunsdfsi.o)
                0x0000f6c0                __aeabi_d2uiz
                0x0000f6c0                __fixunsdfsi
 .text          0x0000f700       0xa0 c:/users/willi/.platformio/packages/toolchain-gccarmnoneeabi/bin/../lib/gcc/arm-none-eabi/7.2.1/thumb/v7e-m/fpv4-sp/hard\libgcc.a(_arm_truncdfsf2.o)
                0x0000f700                __truncdfsf2
                0x0000f700                __aeabi_d2f
 .text.R_BSP_IrqDisable
                0x0000f7a0       0x24 .pio\build\uno_r4_minima\lib25a\libWire.a(Wire.cpp.o)
 .text._ZN7TwoWire21WireSCIMasterCallbackEP27st_i2c_master_callback_args
                0x0000f7c4       0x38 .pio\build\uno_r4_minima\lib25a\libWire.a(Wire.cpp.o)
                0x0000f7c4                TwoWire::WireSCIMasterCallback(st_i2c_master_callback_args*)
 .text._ZN7TwoWire18WireMasterCallbackEP27st_i2c_master_callback_args
                0x0000f7fc       0x38 .pio\build\uno_r4_minima\lib25a\libWire.a(Wire.cpp.o)
                0x0000f7fc                TwoWire::WireMasterCallback(st_i2c_master_callback_args*)
 .text._ZN7TwoWire15endTransmissionEv
                0x0000f834        0x8 .pio\build\uno_r4_minima\lib25a\libWire.a(Wire.cpp.o)
                0x0000f834                TwoWire::endTransmission()
 .text._ZN7TwoWire11requestFromEhj
                0x0000f83c       0x10 .pio\build\uno_r4_minima\lib25a\libWire.a(Wire.cpp.o)
                0x0000f83c                TwoWire::requestFrom(unsigned char, unsigned int)
 .text._ZN7TwoWire5writeEh
                0x0000f84c       0x54 .pio\build\uno_r4_minima\lib25a\libWire.a(Wire.cpp.o)
                0x0000f84c                TwoWire::write(unsigned char)
 .text._ZN7TwoWire9onReceiveEPFviE
                0x0000f8a0        0x6 .pio\build\uno_r4_minima\lib25a\libWire.a(Wire.cpp.o)
                0x0000f8a0                TwoWire::onReceive(void (*)(int))
 .text._ZN7TwoWire9onRequestEPFvvE
                0x0000f8a6        0x6 .pio\build\uno_r4_minima\lib25a\libWire.a(Wire.cpp.o)
                0x0000f8a6                TwoWire::onRequest(void (*)())
 .text._ZN7TwoWire9availableEv
                0x0000f8ac        0xc .pio\build\uno_r4_minima\lib25a\libWire.a(Wire.cpp.o)
                0x0000f8ac                TwoWire::available()
 .text._ZN7TwoWire4readEv
                0x0000f8b8       0x22 .pio\build\uno_r4_minima\lib25a\libWire.a(Wire.cpp.o)
                0x0000f8b8                TwoWire::read()
 .text._ZN7TwoWire4peekEv
                0x0000f8da       0x18 .pio\build\uno_r4_minima\lib25a\libWire.a(Wire.cpp.o)
                0x0000f8da                TwoWire::peek()
 .text._ZN7TwoWire5flushEv
                0x0000f8f2       0x12 .pio\build\uno_r4_minima\lib25a\libWire.a(Wire.cpp.o)
                0x0000f8f2                TwoWire::flush()
 .text._ZN7TwoWire3endEv
                0x0000f904       0x98 .pio\build\uno_r4_minima\lib25a\libWire.a(Wire.cpp.o)
                0x0000f904                TwoWire::end()
 .text._ZN7TwoWire5writeEPKhj
                0x0000f99c       0x36 .pio\build\uno_r4_minima\lib25a\libWire.a(Wire.cpp.o)
                0x0000f99c                TwoWire::write(unsigned char const*, unsigned int)
 *fill*         0x0000f9d2        0x2 ff
 .text._ZN7TwoWire8setClockEm
                0x0000f9d4       0xd8 .pio\build\uno_r4_minima\lib25a\libWire.a(Wire.cpp.o)
                0x0000f9d4                TwoWire::setClock(unsigned long)
 .text._ZN7TwoWire10slave_readEm
                0x0000faac       0x28 .pio\build\uno_r4_minima\lib25a\libWire.a(Wire.cpp.o)
                0x0000faac                TwoWire::slave_read(unsigned long)
 .text._ZN7TwoWire17WireSlaveCallbackEP26st_i2c_slave_callback_args
                0x0000fad4      0x104 .pio\build\uno_r4_minima\lib25a\libWire.a(Wire.cpp.o)
                0x0000fad4                TwoWire::WireSlaveCallback(st_i2c_slave_callback_args*)
 .text._ZN7TwoWireC2Eii17WireAddressMode_tb
                0x0000fbd8       0x98 .pio\build\uno_r4_minima\lib25a\libWire.a(Wire.cpp.o)
                0x0000fbd8                TwoWire::TwoWire(int, int, WireAddressMode_t, bool)
                0x0000fbd8                TwoWire::TwoWire(int, int, WireAddressMode_t, bool)
 .text._ZN7TwoWire8cfg_pinsEi
                0x0000fc70       0xf4 .pio\build\uno_r4_minima\lib25a\libWire.a(Wire.cpp.o)
                0x0000fc70                TwoWire::cfg_pins(int)
 .text._ZN7TwoWire6_beginEv
                0x0000fd64      0x244 .pio\build\uno_r4_minima\lib25a\libWire.a(Wire.cpp.o)
                0x0000fd64                TwoWire::_begin()
 .text._ZN7TwoWire5beginEv
                0x0000ffa8       0x18 .pio\build\uno_r4_minima\lib25a\libWire.a(Wire.cpp.o)
                0x0000ffa8                TwoWire::begin()
 .text._ZN7TwoWire5beginEt
                0x0000ffc0       0x1e .pio\build\uno_r4_minima\lib25a\libWire.a(Wire.cpp.o)
                0x0000ffc0                TwoWire::begin(unsigned short)
 .text._ZN7TwoWire5beginEh
                0x0000ffde        0x4 .pio\build\uno_r4_minima\lib25a\libWire.a(Wire.cpp.o)
                0x0000ffde                TwoWire::begin(unsigned char)
 .text._ZN7TwoWire9read_fromEhPhhjb
                0x0000ffe2       0x72 .pio\build\uno_r4_minima\lib25a\libWire.a(Wire.cpp.o)
                0x0000ffe2                TwoWire::read_from(unsigned char, unsigned char*, unsigned char, unsigned int, bool)
 .text._ZN7TwoWire8write_toEhPhhjb
                0x00010054       0x92 .pio\build\uno_r4_minima\lib25a\libWire.a(Wire.cpp.o)
                0x00010054                TwoWire::write_to(unsigned char, unsigned char*, unsigned char, unsigned int, bool)
 .text._ZN7TwoWire15endTransmissionEb
                0x000100e6       0x26 .pio\build\uno_r4_minima\lib25a\libWire.a(Wire.cpp.o)
                0x000100e6                TwoWire::endTransmission(bool)
 .text._ZN7TwoWire17beginTransmissionEm
                0x0001010c       0x1a .pio\build\uno_r4_minima\lib25a\libWire.a(Wire.cpp.o)
                0x0001010c                TwoWire::beginTransmission(unsigned long)
 .text._ZN7TwoWire17beginTransmissionEh
                0x00010126        0x4 .pio\build\uno_r4_minima\lib25a\libWire.a(Wire.cpp.o)
                0x00010126                TwoWire::beginTransmission(unsigned char)
 .text._ZN7TwoWire11requestFromEhjmhh
                0x0001012a       0x7e .pio\build\uno_r4_minima\lib25a\libWire.a(Wire.cpp.o)
                0x0001012a                TwoWire::requestFrom(unsigned char, unsigned int, unsigned long, unsigned char, unsigned char)
 .text._ZN7TwoWire11requestFromEhjb
                0x000101a8       0x12 .pio\build\uno_r4_minima\lib25a\libWire.a(Wire.cpp.o)
                0x000101a8                TwoWire::requestFrom(unsigned char, unsigned int, bool)
 *fill*         0x000101ba        0x2 ff
 .text.startup._GLOBAL__sub_I__ZN7TwoWire10g_SCIWiresE
                0x000101bc       0x1c .pio\build\uno_r4_minima\lib25a\libWire.a(Wire.cpp.o)
 .text.PINCOUNT_fn
                0x000101d8        0x4 .pio\build\uno_r4_minima\libFrameworkArduinoVariant.a(variant.cpp.o)
                0x000101d8                PINCOUNT_fn